Archive member included to satisfy reference by file (symbol)

/opt/devkitpro/libnds/lib/libnds9.a(console.o)
                              main.o (consoleDemoInit)
/opt/devkitpro/libnds/lib/libnds9.a(keys.o)
                              main.o (scanKeys)
/opt/devkitpro/libnds/lib/libnds9.a(initSystem.o)
                              /opt/devkitpro/devkitARM/lib/gcc/arm-none-eabi/9.1.0/../../../../arm-none-eabi/lib/ds_arm9_crt0.o (initSystem)
/opt/devkitpro/libnds/lib/libnds9.a(timeSupport.o)
                              /opt/devkitpro/libnds/lib/libnds9.a(initSystem.o) (__libnds_gtod)
/opt/devkitpro/libnds/lib/libnds9.a(securearea.o)
                              /opt/devkitpro/devkitARM/lib/gcc/arm-none-eabi/9.1.0/../../../../arm-none-eabi/lib/ds_arm9_crt0.o (__secure_area__)
/opt/devkitpro/libnds/lib/libnds9.a(interrupts.o)
                              /opt/devkitpro/libnds/lib/libnds9.a(initSystem.o) (irqInit)
/opt/devkitpro/libnds/lib/libnds9.a(libnds_exit.arm.o)
                              /opt/devkitpro/devkitARM/lib/gcc/arm-none-eabi/9.1.0/../../../../arm-none-eabi/lib/ds_arm9_crt0.o (__libnds_exit)
/opt/devkitpro/libnds/lib/libnds9.a(fifosystem.o)
                              /opt/devkitpro/libnds/lib/libnds9.a(initSystem.o) (fifoSetValue32Handler)
/opt/devkitpro/libnds/lib/libnds9.a(mpu_setup.o)
                              /opt/devkitpro/devkitARM/lib/gcc/arm-none-eabi/9.1.0/../../../../arm-none-eabi/lib/ds_arm9_crt0.o (__libnds_mpu_setup)
/opt/devkitpro/libnds/lib/libnds9.a(IntrWait.o)
                              main.o (swiWaitForVBlank)
/opt/devkitpro/libnds/lib/libnds9.a(cpu_clock.o)
                              /opt/devkitpro/libnds/lib/libnds9.a(initSystem.o) (setCpuClock)
/opt/devkitpro/libnds/lib/libnds9.a(interruptDispatcher.o)
                              /opt/devkitpro/libnds/lib/libnds9.a(interrupts.o) (IntrMain)
/opt/devkitpro/libnds/lib/libnds9.a(debugprint.o)
                              /opt/devkitpro/libnds/lib/libnds9.a(console.o) (nocashWrite)
/opt/devkitpro/libnds/lib/libnds9.a(swiSoftReset.o)
                              /opt/devkitpro/libnds/lib/libnds9.a(fifosystem.o) (swiSoftReset)
/opt/devkitpro/libnds/lib/libnds9.a(default_font.bin.o)
                              /opt/devkitpro/libnds/lib/libnds9.a(console.o) (default_font_bin)
/opt/devkitpro/libnds/lib/libnds9.a(background.o)
                              /opt/devkitpro/libnds/lib/libnds9.a(console.o) (bgState)
/opt/devkitpro/libnds/lib/libnds9.a(video.o)
                              /opt/devkitpro/libnds/lib/libnds9.a(initSystem.o) (vramDefault)
/opt/devkitpro/libnds/lib/libnds9.a(system.o)
                              /opt/devkitpro/libnds/lib/libnds9.a(initSystem.o) (systemValueHandler)
/opt/devkitpro/libnds/lib/libnds9.a(trig.o)
                              /opt/devkitpro/libnds/lib/libnds9.a(background.o) (sinLerp)
/opt/devkitpro/libnds/lib/libnds9.a(biosCalls.o)
                              /opt/devkitpro/libnds/lib/libnds9.a(system.o) (swiDelay)
/opt/devkitpro/devkitARM/lib/gcc/arm-none-eabi/9.1.0/libgcc.a(_divsi3.o)
                              /opt/devkitpro/libnds/lib/libnds9.a(console.o) (__aeabi_idivmod)
/opt/devkitpro/devkitARM/lib/gcc/arm-none-eabi/9.1.0/libgcc.a(_dvmd_tls.o)
                              /opt/devkitpro/devkitARM/lib/gcc/arm-none-eabi/9.1.0/libgcc.a(_divsi3.o) (__aeabi_idiv0)
/opt/devkitpro/devkitARM/lib/gcc/arm-none-eabi/9.1.0/../../../../arm-none-eabi/lib/libg.a(lib_a-bsearch.o)
                              /opt/devkitpro/libnds/lib/libnds9.a(trig.o) (bsearch)
/opt/devkitpro/devkitARM/lib/gcc/arm-none-eabi/9.1.0/../../../../arm-none-eabi/lib/libg.a(lib_a-init.o)
                              /opt/devkitpro/devkitARM/lib/gcc/arm-none-eabi/9.1.0/../../../../arm-none-eabi/lib/ds_arm9_crt0.o (__libc_init_array)
/opt/devkitpro/devkitARM/lib/gcc/arm-none-eabi/9.1.0/../../../../arm-none-eabi/lib/libg.a(lib_a-iprintf.o)
                              main.o (iprintf)
/opt/devkitpro/devkitARM/lib/gcc/arm-none-eabi/9.1.0/../../../../arm-none-eabi/lib/libg.a(lib_a-memcpy-stub.o)
                              /opt/devkitpro/libnds/lib/libnds9.a(console.o) (memcpy)
/opt/devkitpro/devkitARM/lib/gcc/arm-none-eabi/9.1.0/../../../../arm-none-eabi/lib/libg.a(lib_a-memset.o)
                              /opt/devkitpro/libnds/lib/libnds9.a(background.o) (memset)
/opt/devkitpro/devkitARM/lib/gcc/arm-none-eabi/9.1.0/../../../../arm-none-eabi/lib/libg.a(lib_a-setvbuf.o)
                              /opt/devkitpro/libnds/lib/libnds9.a(console.o) (setvbuf)
/opt/devkitpro/devkitARM/lib/gcc/arm-none-eabi/9.1.0/../../../../arm-none-eabi/lib/libg.a(lib_a-siscanf.o)
                              /opt/devkitpro/libnds/lib/libnds9.a(console.o) (siscanf)
/opt/devkitpro/devkitARM/lib/gcc/arm-none-eabi/9.1.0/../../../../arm-none-eabi/lib/libg.a(lib_a-stdio.o)
[...]
Memory Configuration

Name             Origin             Length             Attributes
ewram            0x0000000002000000 0x0000000000380000
dtcm             0x000000000b000000 0x0000000000004000
vectors          0x0000000001000000 0x0000000000000100
itcm             0x0000000001000100 0x0000000000007f00
*default*        0x0000000000000000 0xffffffffffffffff

Linker script and memory map

                0x0000000002380000                __ewram_end = (ORIGIN (ewram) + LENGTH (ewram))
                0x0000000002380000                __eheap_end = (ORIGIN (ewram) + LENGTH (ewram))
                0x000000000b004000                __dtcm_top = (ORIGIN (dtcm) + LENGTH (dtcm))
                0x000000000b003ff8                __irq_flags = (__dtcm_top - 0x8)
                0x000000000b003ffc                __irq_vector = (__dtcm_top - 0x4)
                0x000000000b003f00                __sp_svc = (__dtcm_top - 0x100)
                0x000000000b003e00                __sp_irq = (__sp_svc - 0x100)
                0x000000000b003d00                __sp_usr = (__sp_irq - 0x100)

.secure         0x0000000002000000      0x800
 *(.secure)
 .secure        0x0000000002000000      0x800 /opt/devkitpro/libnds/lib/libnds9.a(securearea.o)
                0x0000000002000000                __secure_area__

.crt0           0x0000000002000800      0x300
                0x0000000002000800                __text_start = .
 *(.crt0)
 .crt0          0x0000000002000800      0x300 /opt/devkitpro/devkitARM/lib/gcc/arm-none-eabi/9.1.0/../../../../arm-none-eabi/lib/ds_arm9_crt0.o
                0x0000000002000800                _start
                0x0000000002000b00                . = ALIGN (0x4)

.plt
 *(.plt)

.init           0x0000000002000b00       0x18
 *(SORT_NONE(.init))
 .init          0x0000000002000b00        0xc /opt/devkitpro/devkitARM/lib/gcc/arm-none-eabi/9.1.0/crti.o
                0x0000000002000b00                _init
 .init          0x0000000002000b0c        0xc /opt/devkitpro/devkitARM/lib/gcc/arm-none-eabi/9.1.0/crtn.o

.text           0x0000000002000b18     0xbcd0
 *(EXCLUDE_FILE(*.twl* *.vectors* *.itcm*) .text)
 .text          0x0000000002000b18      0x148 /opt/devkitpro/devkitARM/lib/gcc/arm-none-eabi/9.1.0/libgcc.a(_divsi3.o)
                0x0000000002000b18                __aeabi_idiv
                0x0000000002000b18                __divsi3
                0x0000000002000c40                __aeabi_idivmod
 .text          0x0000000002000c60        0x4 /opt/devkitpro/devkitARM/lib/gcc/arm-none-eabi/9.1.0/libgcc.a(_dvmd_tls.o)
                0x0000000002000c60                __aeabi_ldiv0
                0x0000000002000c60                __aeabi_idiv0
 .text          0x0000000002000c64      0x224 /opt/devkitpro/devkitARM/lib/gcc/arm-none-eabi/9.1.0/../../../../arm-none-eabi/lib/libg.a(lib_a-strcmp.o)
                0x0000000002000c64                strcmp
 .text          0x0000000002000e88      0x114 /opt/devkitpro/devkitARM/lib/gcc/arm-none-eabi/9.1.0/libgcc.a(_udivsi3.o)
                0x0000000002000e88                __udivsi3
                0x0000000002000e88                __aeabi_uidiv
                0x0000000002000f7c                __aeabi_uidivmod
 .text          0x0000000002000f9c       0x3c /opt/devkitpro/devkitARM/lib/gcc/arm-none-eabi/9.1.0/libgcc.a(_aeabi_uldivmod.o)
                0x0000000002000f9c                __aeabi_uldivmod
 .text          0x0000000002000fd8       0x28 /opt/devkitpro/devkitARM/lib/gcc/arm-none-eabi/9.1.0/libgcc.a(_clzdi2.o)
                0x0000000002000fd8                __clzdi2
 .text          0x0000000002001000       0x48 /opt/devkitpro/devkitARM/lib/gcc/arm-none-eabi/9.1.0/libgcc.a(_clzsi2.o)
                0x0000000002001000                __clzsi2
 *(EXCLUDE_FILE(*.twl* *.vectors* *.itcm*) .stub)
 *(EXCLUDE_FILE(*.twl* *.vectors* *.itcm*) .text.*)
 .text.deregister_tm_clones
                0x0000000002001048       0x2c /opt/devkitpro/devkitARM/lib/gcc/arm-none-eabi/9.1.0/crtbegin.o
 .text.register_tm_clones
                0x0000000002001074       0x38 /opt/devkitpro/devkitARM/lib/gcc/arm-none-eabi/9.1.0/crtbegin.o
 .text.__do_global_dtors_aux
                0x00000000020010ac       0x44 /opt/devkitpro/devkitARM/lib/gcc/arm-none-eabi/9.1.0/crtbegin.o
 .text.frame_dummy
                0x00000000020010f0       0x34 /opt/devkitpro/devkitARM/lib/gcc/arm-none-eabi/9.1.0/crtbegin.o
 .text.startup  0x0000000002001124       0x30 main.o
                0x0000000002001124                main
 .text.newRow   0x0000000002001154       0xb4 /opt/devkitpro/libnds/lib/libnds9.a(console.o)
 .text.consolePrintChar
                0x0000000002001208       0xec /opt/devkitpro/libnds/lib/libnds9.a(console.o)
                0x0000000002001208                consolePrintChar
 .text.consoleCls
                0x00000000020012f4       0xe0 /opt/devkitpro/libnds/lib/libnds9.a(console.o)
 .text.consoleLoadFont
                0x00000000020013d4      0x280 /opt/devkitpro/libnds/lib/libnds9.a(console.o)
                0x00000000020013d4                consoleLoadFont
 .text.consoleInit
                0x0000000002001654      0x15c /opt/devkitpro/libnds/lib/libnds9.a(console.o)
                0x0000000002001654                consoleInit
 .text.consoleDemoInit
                0x00000000020017b0       0x40 /opt/devkitpro/libnds/lib/libnds9.a(console.o)
                0x00000000020017b0                consoleDemoInit
 .text.con_write
                0x00000000020017f0      0x27c /opt/devkitpro/libnds/lib/libnds9.a(console.o)
                0x00000000020017f0                con_write
 .text.scanKeys
                0x0000000002001a6c       0x8c /opt/devkitpro/libnds/lib/libnds9.a(keys.o)
                0x0000000002001a6c                scanKeys
 .text.keysDown
                0x0000000002001af8       0x14 /opt/devkitpro/libnds/lib/libnds9.a(keys.o)
                0x0000000002001af8                keysDown
 .text.initSystem
                0x0000000002001b0c      0x198 /opt/devkitpro/libnds/lib/libnds9.a(initSystem.o)
                0x0000000002001b0c                initSystem
 .text.__libnds_gtod
                0x0000000002001ca4       0x28 /opt/devkitpro/libnds/lib/libnds9.a(timeSupport.o)
                0x0000000002001ca4                __libnds_gtod
 .text.irqDummy
                0x0000000002001ccc        0x4 /opt/devkitpro/libnds/lib/libnds9.a(interrupts.o)
                0x0000000002001ccc                irqDummy
 .text.irqSet   0x0000000002001cd0       0x6c /opt/devkitpro/libnds/lib/libnds9.a(interrupts.o)
                0x0000000002001cd0                irqSet
 .text.irqInit  0x0000000002001d3c       0x50 /opt/devkitpro/libnds/lib/libnds9.a(interrupts.o)
                0x0000000002001d3c                irqInit
 .text.irqEnable
                0x0000000002001d8c       0x64 /opt/devkitpro/libnds/lib/libnds9.a(interrupts.o)
                0x0000000002001d8c                irqEnable
 .text.systemErrorExit
                0x0000000002001df0        0x4 /opt/devkitpro/libnds/lib/libnds9.a(libnds_exit.arm.o)
                0x0000000002001df0                systemErrorExit
 *fill*         0x0000000002001df4        0x4 ff
 .text.__libnds_exit
                0x0000000002001df8       0x5c /opt/devkitpro/libnds/lib/libnds9.a(libnds_exit.arm.o)
                0x0000000002001df8                __libnds_exit
 .text.fifo_waitBlock
                0x0000000002001e54       0x80 /opt/devkitpro/libnds/lib/libnds9.a(fifosystem.o)
 .text.fifo_queueBlock
                0x0000000002001ed4       0x40 /opt/devkitpro/libnds/lib/libnds9.a(fifosystem.o)
 .text.fifoInternalSendInterrupt
                0x0000000002001f14       0xac /opt/devkitpro/libnds/lib/libnds9.a(fifosystem.o)
 .text.fifoInternalSend.part.2
                0x0000000002001fc0       0xd4 /opt/devkitpro/libnds/lib/libnds9.a(fifosystem.o)
 .text.fifoGetValue32.part.3
                0x0000000002002094       0x74 /opt/devkitpro/libnds/lib/libnds9.a(fifosystem.o)
 .text.fifoSetValue32Handler
                0x0000000002002108       0x78 /opt/devkitpro/libnds/lib/libnds9.a(fifosystem.o)
                0x0000000002002108                fifoSetValue32Handler
 .text.fifoSendValue32
                0x0000000002002180       0x4c /opt/devkitpro/libnds/lib/libnds9.a(fifosystem.o)
                0x0000000002002180                fifoSendValue32
 .text.fifoGetDatamsg
                0x00000000020021cc      0x138 /opt/devkitpro/libnds/lib/libnds9.a(fifosystem.o)
                0x00000000020021cc                fifoGetDatamsg
 .text.fifoInternalRecvInterrupt
                0x0000000002002304      0x3dc /opt/devkitpro/libnds/lib/libnds9.a(fifosystem.o)
 .text.fifoSetDatamsgHandler
                0x00000000020026e0       0x9c /opt/devkitpro/libnds/lib/libnds9.a(fifosystem.o)
                0x00000000020026e0                fifoSetDatamsgHandler
 .text.fifoInit
                0x000000000200277c      0x104 /opt/devkitpro/libnds/lib/libnds9.a(fifosystem.o)
                0x000000000200277c                fifoInit
 .text.__libnds_mpu_setup
                0x0000000002002880      0x174 /opt/devkitpro/libnds/lib/libnds9.a(mpu_setup.o)
                0x0000000002002880                __libnds_mpu_setup
 .text.memUncached
                0x00000000020029f4       0x20 /opt/devkitpro/libnds/lib/libnds9.a(mpu_setup.o)
                0x00000000020029f4                memUncached
 .text.swiWaitForVBlank
                0x0000000002002a14        0x8 /opt/devkitpro/libnds/lib/libnds9.a(IntrWait.o)
                0x0000000002002a14                swiWaitForVBlank
 .text.swiIntrWait
                0x0000000002002a1c       0x70 /opt/devkitpro/libnds/lib/libnds9.a(IntrWait.o)
                0x0000000002002a1c                swiIntrWait
 .text.setCpuClock
                0x0000000002002a8c       0x50 /opt/devkitpro/libnds/lib/libnds9.a(cpu_clock.o)
                0x0000000002002a8c                setCpuClock
 .text.swiSoftReset
                0x0000000002002adc       0x2c /opt/devkitpro/libnds/lib/libnds9.a(swiSoftReset.o)
                0x0000000002002adc                swiSoftReset
 .text.checkIfText.part.0
                0x0000000002002b08       0x40 /opt/devkitpro/libnds/lib/libnds9.a(background.o)
 .text.bgUpdate
                0x0000000002002b48      0x104 /opt/devkitpro/libnds/lib/libnds9.a(background.o)
                0x0000000002002b48                bgUpdate
 .text.bgInit_call
                0x0000000002002c4c      0x110 /opt/devkitpro/libnds/lib/libnds9.a(background.o)
                0x0000000002002c4c                bgInit_call
 .text.bgInitSub_call
                0x0000000002002d5c       0xf4 /opt/devkitpro/libnds/lib/libnds9.a(background.o)
                0x0000000002002d5c                bgInitSub_call
 .text.vramDefault
                0x0000000002002e50       0xd0 /opt/devkitpro/libnds/lib/libnds9.a(video.o)
                0x0000000002002e50                vramDefault
 .text.systemValueHandler
                0x0000000002002f20       0x48 /opt/devkitpro/libnds/lib/libnds9.a(system.o)
                0x0000000002002f20                systemValueHandler
 .text.systemMsgHandler
                0x0000000002002f68       0x5c /opt/devkitpro/libnds/lib/libnds9.a(system.o)
                0x0000000002002f68                systemMsgHandler
 .text.powerOn  0x0000000002002fc4       0x2c /opt/devkitpro/libnds/lib/libnds9.a(system.o)
                0x0000000002002fc4                powerOn
 .text.sinLutLookup
                0x0000000002002ff0       0x3c /opt/devkitpro/libnds/lib/libnds9.a(trig.o)
                0x0000000002002ff0                sinLutLookup
 .text.sinLerp  0x000000000200302c       0x44 /opt/devkitpro/libnds/lib/libnds9.a(trig.o)
                0x000000000200302c                sinLerp
 .text.cosLerp  0x0000000002003070       0x14 /opt/devkitpro/libnds/lib/libnds9.a(trig.o)
                0x0000000002003070                cosLerp
 .text.swiDelay
                0x0000000002003084        0x4 /opt/devkitpro/libnds/lib/libnds9.a(biosCalls.o)
                0x0000000002003084                swiDelay
 .text.__libc_init_array
                0x0000000002003088       0x88 /opt/devkitpro/devkitARM/lib/gcc/arm-none-eabi/9.1.0/../../../../arm-none-eabi/lib/libg.a(lib_a-init.o)
                0x0000000002003088                __libc_init_array
 .text.iprintf  0x0000000002003110       0x34 /opt/devkitpro/devkitARM/lib/gcc/arm-none-eabi/9.1.0/../../../../arm-none-eabi/lib/libg.a(lib_a-iprintf.o)
                0x0000000002003110                iprintf
 .text.memcpy   0x0000000002003144      0x124 /opt/devkitpro/devkitARM/lib/gcc/arm-none-eabi/9.1.0/../../../../arm-none-eabi/lib/libg.a(lib_a-memcpy-stub.o)
                0x0000000002003144                memcpy
 .text.memset   0x0000000002003268      0x11c /opt/devkitpro/devkitARM/lib/gcc/arm-none-eabi/9.1.0/../../../../arm-none-eabi/lib/libg.a(lib_a-memset.o)
                0x0000000002003268                memset
 .text.setvbuf  0x0000000002003384      0x268 /opt/devkitpro/devkitARM/lib/gcc/arm-none-eabi/9.1.0/../../../../arm-none-eabi/lib/libg.a(lib_a-setvbuf.o)
                0x0000000002003384                setvbuf
 .text.siscanf  0x00000000020035ec       0x74 /opt/devkitpro/devkitARM/lib/gcc/arm-none-eabi/9.1.0/../../../../arm-none-eabi/lib/libg.a(lib_a-siscanf.o)
                0x00000000020035ec                siscanf
 .text.__sread  0x0000000002003660       0x4c /opt/devkitpro/devkitARM/lib/gcc/arm-none-eabi/9.1.0/../../../../arm-none-eabi/lib/libg.a(lib_a-stdio.o)
                0x0000000002003660                __sread
 .text.__seofread
                0x00000000020036ac        0x8 /opt/devkitpro/devkitARM/lib/gcc/arm-none-eabi/9.1.0/../../../../arm-none-eabi/lib/libg.a(lib_a-stdio.o)
                0x00000000020036ac                __seofread
 .text.__swrite
                0x00000000020036b4       0x6c /opt/devkitpro/devkitARM/lib/gcc/arm-none-eabi/9.1.0/../../../../arm-none-eabi/lib/libg.a(lib_a-stdio.o)
                0x00000000020036b4                __swrite
 .text.__sseek  0x0000000002003720       0x68 /opt/devkitpro/devkitARM/lib/gcc/arm-none-eabi/9.1.0/../../../../arm-none-eabi/lib/libg.a(lib_a-stdio.o)
                0x0000000002003720                __sseek
 .text.__sclose
                0x0000000002003788       0x14 /opt/devkitpro/devkitARM/lib/gcc/arm-none-eabi/9.1.0/../../../../arm-none-eabi/lib/libg.a(lib_a-stdio.o)
                0x0000000002003788                __sclose
 .text.strlen   0x000000000200379c       0x60 /opt/devkitpro/devkitARM/lib/gcc/arm-none-eabi/9.1.0/../../../../arm-none-eabi/lib/libg.a(lib_a-strlen-stub.o)
                0x000000000200379c                strlen
 .text.get_arg  0x00000000020037fc       0x4c /opt/devkitpro/devkitARM/lib/gcc/arm-none-eabi/9.1.0/../../../../arm-none-eabi/lib/libg.a(lib_a-svfiscanf.o)
 .text._sungetc_r
                0x0000000002003848       0xe4 /opt/devkitpro/devkitARM/lib/gcc/arm-none-eabi/9.1.0/../../../../arm-none-eabi/lib/libg.a(lib_a-svfiscanf.o)
                0x0000000002003848                _sungetc_r
 .text.__ssrefill_r
                0x000000000200392c       0x68 /opt/devkitpro/devkitARM/lib/gcc/arm-none-eabi/9.1.0/../../../../arm-none-eabi/lib/libg.a(lib_a-svfiscanf.o)
                0x000000000200392c                __ssrefill_r
 .text._sfread_r
                0x0000000002003994       0xcc /opt/devkitpro/devkitARM/lib/gcc/arm-none-eabi/9.1.0/../../../../arm-none-eabi/lib/libg.a(lib_a-svfiscanf.o)
                0x0000000002003994                _sfread_r
 .text.__ssvfiscanf_r
                0x0000000002003a60     0x22e4 /opt/devkitpro/devkitARM/lib/gcc/arm-none-eabi/9.1.0/../../../../arm-none-eabi/lib/libg.a(lib_a-svfiscanf.o)
                0x0000000002003a60                __ssvfiscanf_r
 .text.__submore
                0x0000000002005d44       0xb0 /opt/devkitpro/devkitARM/lib/gcc/arm-none-eabi/9.1.0/../../../../arm-none-eabi/lib/libg.a(lib_a-ungetc.o)
                0x0000000002005d44                __submore
 .text.get_arg  0x0000000002005df4      0x650 /opt/devkitpro/devkitARM/lib/gcc/arm-none-eabi/9.1.0/../../../../arm-none-eabi/lib/libg.a(lib_a-vfiprintf.o)
 .text.__sprint_r
                0x0000000002006444       0x34 /opt/devkitpro/devkitARM/lib/gcc/arm-none-eabi/9.1.0/../../../../arm-none-eabi/lib/libg.a(lib_a-vfiprintf.o)
                0x0000000002006444                __sprint_r
 .text._vfiprintf_r
                0x0000000002006478     0x2584 /opt/devkitpro/devkitARM/lib/gcc/arm-none-eabi/9.1.0/../../../../arm-none-eabi/lib/libg.a(lib_a-vfiprintf.o)
                0x0000000002006478                _vfiprintf_r
 .text.__sbprintf
                0x00000000020089fc       0xd4 /opt/devkitpro/devkitARM/lib/gcc/arm-none-eabi/9.1.0/../../../../arm-none-eabi/lib/libg.a(lib_a-vfiprintf.o)
 .text._wcrtomb_r
                0x0000000002008ad0       0x5c /opt/devkitpro/devkitARM/lib/gcc/arm-none-eabi/9.1.0/../../../../arm-none-eabi/lib/libg.a(lib_a-wcrtomb.o)
                0x0000000002008ad0                _wcrtomb_r
 .text._wcsrtombs_r
                0x0000000002008b2c       0x24 /opt/devkitpro/devkitARM/lib/gcc/arm-none-eabi/9.1.0/../../../../arm-none-eabi/lib/libg.a(lib_a-wcsrtombs.o)
                0x0000000002008b2c                _wcsrtombs_r
 .text.__swsetup_r
                0x0000000002008b50      0x160 /opt/devkitpro/devkitARM/lib/gcc/arm-none-eabi/9.1.0/../../../../arm-none-eabi/lib/libg.a(lib_a-wsetup.o)
                0x0000000002008b50                __swsetup_r
 .text.__sflush_r
                0x0000000002008cb0      0x2a0 /opt/devkitpro/devkitARM/lib/gcc/arm-none-eabi/9.1.0/../../../../arm-none-eabi/lib/libg.a(lib_a-fflush.o)
                0x0000000002008cb0                __sflush_r
 .text._fflush_r
                0x0000000002008f50       0x9c /opt/devkitpro/devkitARM/lib/gcc/arm-none-eabi/9.1.0/../../../../arm-none-eabi/lib/libg.a(lib_a-fflush.o)
                0x0000000002008f50                _fflush_r
 .text.std      0x0000000002008fec       0x84 /opt/devkitpro/devkitARM/lib/gcc/arm-none-eabi/9.1.0/../../../../arm-none-eabi/lib/libg.a(lib_a-findfp.o)
 .text._cleanup_r
                0x0000000002009070       0x18 /opt/devkitpro/devkitARM/lib/gcc/arm-none-eabi/9.1.0/../../../../arm-none-eabi/lib/libg.a(lib_a-findfp.o)
                0x0000000002009070                _cleanup_r
 .text.__sinit  0x0000000002009088       0x94 /opt/devkitpro/devkitARM/lib/gcc/arm-none-eabi/9.1.0/../../../../arm-none-eabi/lib/libg.a(lib_a-findfp.o)
                0x0000000002009088                __sinit
 .text.__sfp_lock_acquire
                0x000000000200911c       0x18 /opt/devkitpro/devkitARM/lib/gcc/arm-none-eabi/9.1.0/../../../../arm-none-eabi/lib/libg.a(lib_a-findfp.o)
                0x000000000200911c                __sfp_lock_acquire
 .text.__sfp_lock_release
                0x0000000002009134       0x18 /opt/devkitpro/devkitARM/lib/gcc/arm-none-eabi/9.1.0/../../../../arm-none-eabi/lib/libg.a(lib_a-findfp.o)
                0x0000000002009134                __sfp_lock_release
 .text._malloc_trim_r
                0x000000000200914c      0x100 /opt/devkitpro/devkitARM/lib/gcc/arm-none-eabi/9.1.0/../../../../arm-none-eabi/lib/libg.a(lib_a-freer.o)
                0x000000000200914c                _malloc_trim_r
 .text._free_r  0x000000000200924c      0x2e0 /opt/devkitpro/devkitARM/lib/gcc/arm-none-eabi/9.1.0/../../../../arm-none-eabi/lib/libg.a(lib_a-freer.o)
                0x000000000200924c                _free_r
 .text.__sfvwrite_r
                0x000000000200952c      0x4cc /opt/devkitpro/devkitARM/lib/gcc/arm-none-eabi/9.1.0/../../../../arm-none-eabi/lib/libg.a(lib_a-fvwrite.o)
                0x000000000200952c                __sfvwrite_r
 .text._fwalk_reent
                0x00000000020099f8       0x78 /opt/devkitpro/devkitARM/lib/gcc/arm-none-eabi/9.1.0/../../../../arm-none-eabi/lib/libg.a(lib_a-fwalk.o)
                0x00000000020099f8                _fwalk_reent
 .text.iswspace
                0x0000000002009a70       0x14 /opt/devkitpro/devkitARM/lib/gcc/arm-none-eabi/9.1.0/../../../../arm-none-eabi/lib/libg.a(lib_a-iswspace.o)
                0x0000000002009a70                iswspace
 .text._localeconv_r
                0x0000000002009a84        0xc /opt/devkitpro/devkitARM/lib/gcc/arm-none-eabi/9.1.0/../../../../arm-none-eabi/lib/libg.a(lib_a-localeconv.o)
                0x0000000002009a84                _localeconv_r
 .text.__locale_mb_cur_max
                0x0000000002009a90       0x10 /opt/devkitpro/devkitARM/lib/gcc/arm-none-eabi/9.1.0/../../../../arm-none-eabi/lib/libg.a(lib_a-locale.o)
                0x0000000002009a90                __locale_mb_cur_max
 .text.__swhatbuf_r
                0x0000000002009aa0       0xa0 /opt/devkitpro/devkitARM/lib/gcc/arm-none-eabi/9.1.0/../../../../arm-none-eabi/lib/libg.a(lib_a-makebuf.o)
                0x0000000002009aa0                __swhatbuf_r
 .text.__smakebuf_r
                0x0000000002009b40      0x100 /opt/devkitpro/devkitARM/lib/gcc/arm-none-eabi/9.1.0/../../../../arm-none-eabi/lib/libg.a(lib_a-makebuf.o)
                0x0000000002009b40                __smakebuf_r
 .text.malloc   0x0000000002009c40       0x1c /opt/devkitpro/devkitARM/lib/gcc/arm-none-eabi/9.1.0/../../../../arm-none-eabi/lib/libg.a(lib_a-malloc.o)
                0x0000000002009c40                malloc
 .text.free     0x0000000002009c5c       0x1c /opt/devkitpro/devkitARM/lib/gcc/arm-none-eabi/9.1.0/../../../../arm-none-eabi/lib/libg.a(lib_a-malloc.o)
                0x0000000002009c5c                free
 .text._malloc_r
                0x0000000002009c78      0x7cc /opt/devkitpro/devkitARM/lib/gcc/arm-none-eabi/9.1.0/../../../../arm-none-eabi/lib/libg.a(lib_a-mallocr.o)
                0x0000000002009c78                _malloc_r
 .text._mbrtowc_r
                0x000000000200a444       0x68 /opt/devkitpro/devkitARM/lib/gcc/arm-none-eabi/9.1.0/../../../../arm-none-eabi/lib/libg.a(lib_a-mbrtowc.o)
                0x000000000200a444                _mbrtowc_r
 .text.__utf8_mbtowc
                0x000000000200a4ac      0x308 /opt/devkitpro/devkitARM/lib/gcc/arm-none-eabi/9.1.0/../../../../arm-none-eabi/lib/libg.a(lib_a-mbtowc_r.o)
                0x000000000200a4ac                __utf8_mbtowc
 .text.memchr   0x000000000200a7b4       0xf8 /opt/devkitpro/devkitARM/lib/gcc/arm-none-eabi/9.1.0/../../../../arm-none-eabi/lib/libg.a(lib_a-memchr-stub.o)
                0x000000000200a7b4                memchr
 .text.memmove  0x000000000200a8ac      0x158 /opt/devkitpro/devkitARM/lib/gcc/arm-none-eabi/9.1.0/../../../../arm-none-eabi/lib/libg.a(lib_a-memmove.o)
                0x000000000200a8ac                memmove
 .text.__malloc_lock
                0x000000000200aa04       0x18 /opt/devkitpro/devkitARM/lib/gcc/arm-none-eabi/9.1.0/../../../../arm-none-eabi/lib/libg.a(lib_a-mlock.o)
                0x000000000200aa04                __malloc_lock
 .text.__malloc_unlock
                0x000000000200aa1c       0x18 /opt/devkitpro/devkitARM/lib/gcc/arm-none-eabi/9.1.0/../../../../arm-none-eabi/lib/libg.a(lib_a-mlock.o)
                0x000000000200aa1c                __malloc_unlock
 .text.realloc  0x000000000200aa34       0x24 /opt/devkitpro/devkitARM/lib/gcc/arm-none-eabi/9.1.0/../../../../arm-none-eabi/lib/libg.a(lib_a-realloc.o)
                0x000000000200aa34                realloc
 .text._realloc_r
                0x000000000200aa58      0x4dc /opt/devkitpro/devkitARM/lib/gcc/arm-none-eabi/9.1.0/../../../../arm-none-eabi/lib/libg.a(lib_a-reallocr.o)
                0x000000000200aa58                _realloc_r
 .text.__sccl   0x000000000200af34       0xe8 /opt/devkitpro/devkitARM/lib/gcc/arm-none-eabi/9.1.0/../../../../arm-none-eabi/lib/libg.a(lib_a-sccl.o)
                0x000000000200af34                __sccl
 .text.strncpy  0x000000000200b01c       0xcc /opt/devkitpro/devkitARM/lib/gcc/arm-none-eabi/9.1.0/../../../../arm-none-eabi/lib/libg.a(lib_a-strncpy.o)
                0x000000000200b01c                strncpy
 .text._strtoll_l.isra.0
                0x000000000200b0e8      0x268 /opt/devkitpro/devkitARM/lib/gcc/arm-none-eabi/9.1.0/../../../../arm-none-eabi/lib/libg.a(lib_a-strtoll.o)
 .text._strtoll_r
                0x000000000200b350        0x4 /opt/devkitpro/devkitARM/lib/gcc/arm-none-eabi/9.1.0/../../../../arm-none-eabi/lib/libg.a(lib_a-strtoll.o)
                0x000000000200b350                _strtoll_r
 .text._strtol_l.isra.0
                0x000000000200b354      0x1b8 /opt/devkitpro/devkitARM/lib/gcc/arm-none-eabi/9.1.0/../../../../arm-none-eabi/lib/libg.a(lib_a-strtol.o)
 .text._strtol_r
                0x000000000200b50c        0x4 /opt/devkitpro/devkitARM/lib/gcc/arm-none-eabi/9.1.0/../../../../arm-none-eabi/lib/libg.a(lib_a-strtol.o)
                0x000000000200b50c                _strtol_r
 .text._strtoull_l.isra.0
                0x000000000200b510      0x274 /opt/devkitpro/devkitARM/lib/gcc/arm-none-eabi/9.1.0/../../../../arm-none-eabi/lib/libg.a(lib_a-strtoull.o)
 .text._strtoull_r
                0x000000000200b784        0x4 /opt/devkitpro/devkitARM/lib/gcc/arm-none-eabi/9.1.0/../../../../arm-none-eabi/lib/libg.a(lib_a-strtoull.o)
                0x000000000200b784                _strtoull_r
 .text._strtoul_l.isra.0
                0x000000000200b788      0x1c8 /opt/devkitpro/devkitARM/lib/gcc/arm-none-eabi/9.1.0/../../../../arm-none-eabi/lib/libg.a(lib_a-strtoul.o)
 .text._strtoul_r
                0x000000000200b950        0x4 /opt/devkitpro/devkitARM/lib/gcc/arm-none-eabi/9.1.0/../../../../arm-none-eabi/lib/libg.a(lib_a-strtoul.o)
                0x000000000200b950                _strtoul_r
 .text._wcsnrtombs_l
                0x000000000200b954      0x1a0 /opt/devkitpro/devkitARM/lib/gcc/arm-none-eabi/9.1.0/../../../../arm-none-eabi/lib/libg.a(lib_a-wcsnrtombs.o)
                0x000000000200b954                _wcsnrtombs_l
 .text._wcsnrtombs_r
                0x000000000200baf4       0x4c /opt/devkitpro/devkitARM/lib/gcc/arm-none-eabi/9.1.0/../../../../arm-none-eabi/lib/libg.a(lib_a-wcsnrtombs.o)
                0x000000000200baf4                _wcsnrtombs_r
 .text.__utf8_wctomb
                0x000000000200bb40       0xf4 /opt/devkitpro/devkitARM/lib/gcc/arm-none-eabi/9.1.0/../../../../arm-none-eabi/lib/libg.a(lib_a-wctomb_r.o)
                0x000000000200bb40                __utf8_wctomb
 .text._fclose_r
                0x000000000200bc34      0x16c /opt/devkitpro/devkitARM/lib/gcc/arm-none-eabi/9.1.0/../../../../arm-none-eabi/lib/libg.a(lib_a-fclose.o)
                0x000000000200bc34                _fclose_r
 .text.iswspace_l
                0x000000000200bda0       0x44 /opt/devkitpro/devkitARM/lib/gcc/arm-none-eabi/9.1.0/../../../../arm-none-eabi/lib/libg.a(lib_a-iswspace_l.o)
                0x000000000200bda0                iswspace_l
 .text.__jp2uc  0x000000000200bde4      0x1f0 /opt/devkitpro/devkitARM/lib/gcc/arm-none-eabi/9.1.0/../../../../arm-none-eabi/lib/libg.a(lib_a-jp2uc.o)
 .text._jp2uc_l
                0x000000000200bfd4       0x90 /opt/devkitpro/devkitARM/lib/gcc/arm-none-eabi/9.1.0/../../../../arm-none-eabi/lib/libg.a(lib_a-jp2uc.o)
                0x000000000200bfd4                _jp2uc_l
 .text.category
                0x000000000200c064       0x90 /opt/devkitpro/devkitARM/lib/gcc/arm-none-eabi/9.1.0/../../../../arm-none-eabi/lib/libg.a(lib_a-categories.o)
                0x000000000200c064                category
 .text.null_write
                0x000000000200c0f4        0x8 /opt/devkitpro/devkitARM/lib/gcc/arm-none-eabi/9.1.0/../../../../arm-none-eabi/lib/libsysbase.a(iosupport.o)
 .text._fstat_r
                0x000000000200c0fc       0x7c /opt/devkitpro/devkitARM/lib/gcc/arm-none-eabi/9.1.0/../../../../arm-none-eabi/lib/libsysbase.a(fstat.o)
                0x000000000200c0fc                _fstat_r
 .text._isatty_r
                0x000000000200c178        0x8 /opt/devkitpro/devkitARM/lib/gcc/arm-none-eabi/9.1.0/../../../../arm-none-eabi/lib/libsysbase.a(isatty.o)
                0x000000000200c178                _isatty_r
 .text._lseek_r
                0x000000000200c180       0x88 /opt/devkitpro/devkitARM/lib/gcc/arm-none-eabi/9.1.0/../../../../arm-none-eabi/lib/libsysbase.a(lseek.o)
                0x000000000200c180                _lseek_r
 .text._read_r  0x000000000200c208       0x84 /opt/devkitpro/devkitARM/lib/gcc/arm-none-eabi/9.1.0/../../../../arm-none-eabi/lib/libsysbase.a(read.o)
                0x000000000200c208                _read_r
 .text._sbrk_r  0x000000000200c28c       0x74 /opt/devkitpro/devkitARM/lib/gcc/arm-none-eabi/9.1.0/../../../../arm-none-eabi/lib/libsysbase.a(sbrk.o)
                0x000000000200c28c                _sbrk_r
 .text._write_r
                0x000000000200c300       0x84 /opt/devkitpro/devkitARM/lib/gcc/arm-none-eabi/9.1.0/../../../../arm-none-eabi/lib/libsysbase.a(write.o)
                0x000000000200c300                _write_r
 .text.build_argv
                0x000000000200c384       0x80 /opt/devkitpro/devkitARM/lib/gcc/arm-none-eabi/9.1.0/../../../../arm-none-eabi/lib/libsysbase.a(build_argv.o)
                0x000000000200c384                build_argv
 .text.__flockfile
                0x000000000200c404       0x14 /opt/devkitpro/devkitARM/lib/gcc/arm-none-eabi/9.1.0/../../../../arm-none-eabi/lib/libsysbase.a(flock.o)
                0x000000000200c404                __flockfile
 .text.__funlockfile
                0x000000000200c418       0x14 /opt/devkitpro/devkitARM/lib/gcc/arm-none-eabi/9.1.0/../../../../arm-none-eabi/lib/libsysbase.a(flock.o)
                0x000000000200c418                __funlockfile
 .text.__libc_lock_acquire
                0x000000000200c42c       0x18 /opt/devkitpro/devkitARM/lib/gcc/arm-none-eabi/9.1.0/../../../../arm-none-eabi/lib/libsysbase.a(syscall_support.o)
                0x000000000200c42c                __libc_lock_acquire
 .text.__libc_lock_release
                0x000000000200c444       0x18 /opt/devkitpro/devkitARM/lib/gcc/arm-none-eabi/9.1.0/../../../../arm-none-eabi/lib/libsysbase.a(syscall_support.o)
                0x000000000200c444                __libc_lock_release
 .text.__libc_lock_init_recursive
                0x000000000200c45c       0x18 /opt/devkitpro/devkitARM/lib/gcc/arm-none-eabi/9.1.0/../../../../arm-none-eabi/lib/libsysbase.a(syscall_support.o)
                0x000000000200c45c                __libc_lock_init_recursive
 .text.__libc_lock_acquire_recursive
                0x000000000200c474       0x18 /opt/devkitpro/devkitARM/lib/gcc/arm-none-eabi/9.1.0/../../../../arm-none-eabi/lib/libsysbase.a(syscall_support.o)
                0x000000000200c474                __libc_lock_acquire_recursive
 .text.__libc_lock_release_recursive
                0x000000000200c48c       0x18 /opt/devkitpro/devkitARM/lib/gcc/arm-none-eabi/9.1.0/../../../../arm-none-eabi/lib/libsysbase.a(syscall_support.o)
                0x000000000200c48c                __libc_lock_release_recursive
 .text.__libc_lock_close_recursive
                0x000000000200c4a4       0x18 /opt/devkitpro/devkitARM/lib/gcc/arm-none-eabi/9.1.0/../../../../arm-none-eabi/lib/libsysbase.a(syscall_support.o)
                0x000000000200c4a4                __libc_lock_close_recursive
 .text.__get_handle
                0x000000000200c4bc       0x40 /opt/devkitpro/devkitARM/lib/gcc/arm-none-eabi/9.1.0/../../../../arm-none-eabi/lib/libsysbase.a(handle_manager.o)
                0x000000000200c4bc                __get_handle
 .text._close_r
                0x000000000200c4fc      0x104 /opt/devkitpro/devkitARM/lib/gcc/arm-none-eabi/9.1.0/../../../../arm-none-eabi/lib/libsysbase.a(handle_manager.o)
                0x000000000200c4fc                _close_r
 .text.__getreent
                0x000000000200c600       0x24 /opt/devkitpro/devkitARM/lib/gcc/arm-none-eabi/9.1.0/../../../../arm-none-eabi/lib/libsysbase.a(getreent.o)
                0x000000000200c600                __getreent
 .text.__udivmoddi4
                0x000000000200c624      0x130 /opt/devkitpro/devkitARM/lib/gcc/arm-none-eabi/9.1.0/libgcc.a(_udivmoddi4.o)
                0x000000000200c624                __udivmoddi4
 *fill*         0x000000000200c754        0x4 ff
 .text.__udivmoddi4.__stub
                0x000000000200c758       0x80 linker stubs
 *(EXCLUDE_FILE(*.twl*) .gnu.warning)
 *(EXCLUDE_FILE(*.twl*) .gnu.linkonce.t*)
 *(.glue_7)
 .glue_7        0x000000000200c7e8        0x0 linker stubs
 *(.glue_7t)
 .glue_7t       0x000000000200c7e8        0x0 linker stubs
                0x000000000200c7e8                . = ALIGN (0x4)

.vfp11_veneer   0x000000000200c7e8        0x0
 .vfp11_veneer  0x000000000200c7e8        0x0 linker stubs

.v4_bx          0x000000000200c7e8        0x0
 .v4_bx         0x000000000200c7e8        0x0 linker stubs

.iplt           0x000000000200c7e8        0x0
 .iplt          0x000000000200c7e8        0x0 /opt/devkitpro/devkitARM/lib/gcc/arm-none-eabi/9.1.0/../../../../arm-none-eabi/lib/ds_arm9_crt0.o

.fini           0x000000000200c7e8       0x18
 *(.fini)
 .fini          0x000000000200c7e8        0xc /opt/devkitpro/devkitARM/lib/gcc/arm-none-eabi/9.1.0/crti.o
                0x000000000200c7e8                _fini
 .fini          0x000000000200c7f4        0xc /opt/devkitpro/devkitARM/lib/gcc/arm-none-eabi/9.1.0/crtn.o
                0x000000000200c800                __text_end = .

.rodata         0x000000000200c800     0x8c28
 *(EXCLUDE_FILE(*.twl*) .rodata)
 .rodata        0x000000000200c800     0x2004 /opt/devkitpro/libnds/lib/libnds9.a(default_font.bin.o)
                0x000000000200c800                default_font_bin
                0x000000000200e800                default_font_bin_end
                0x000000000200e800                default_font_bin_size
 *all.rodata*(*)
 *(EXCLUDE_FILE(*.twl*) .roda)
 *(EXCLUDE_FILE(*.twl*) .rodata.*)
 .rodata.str1.4
                0x000000000200e804        0xd main.o
 *fill*         0x000000000200e811        0x3 ff
 .rodata.con_write
                0x000000000200e814       0xd4 /opt/devkitpro/libnds/lib/libnds9.a(console.o)
 .rodata.con_write.str1.4
                0x000000000200e8e8       0x30 /opt/devkitpro/libnds/lib/libnds9.a(console.o)
 .rodata.dotab_stdout
                0x000000000200e918       0x70 /opt/devkitpro/libnds/lib/libnds9.a(console.o)
 .rodata.str1.4
                0x000000000200e988       0x14 /opt/devkitpro/libnds/lib/libnds9.a(console.o)
 .rodata.SIN_LUT
                0x000000000200e99c      0x102 /opt/devkitpro/libnds/lib/libnds9.a(trig.o)
                0x000000000200e99c                SIN_LUT
 *fill*         0x000000000200ea9e        0x2 ff
 .rodata.basefix.6959
                0x000000000200eaa0       0x22 /opt/devkitpro/devkitARM/lib/gcc/arm-none-eabi/9.1.0/../../../../arm-none-eabi/lib/libg.a(lib_a-svfiscanf.o)
 .rodata._vfiprintf_r.str1.1
                0x000000000200eac2       0x29 /opt/devkitpro/devkitARM/lib/gcc/arm-none-eabi/9.1.0/../../../../arm-none-eabi/lib/libg.a(lib_a-vfiprintf.o)
 *fill*         0x000000000200eaeb        0x1 ff
 .rodata.blanks.7396
                0x000000000200eaec       0x10 /opt/devkitpro/devkitARM/lib/gcc/arm-none-eabi/9.1.0/../../../../arm-none-eabi/lib/libg.a(lib_a-vfiprintf.o)
 .rodata.zeroes.7397
                0x000000000200eafc       0x10 /opt/devkitpro/devkitARM/lib/gcc/arm-none-eabi/9.1.0/../../../../arm-none-eabi/lib/libg.a(lib_a-vfiprintf.o)
 .rodata._ctype_
                0x000000000200eb0c      0x101 /opt/devkitpro/devkitARM/lib/gcc/arm-none-eabi/9.1.0/../../../../arm-none-eabi/lib/libg.a(lib_a-ctype_.o)
                0x000000000200eb0c                _ctype_
 *fill*         0x000000000200ec0d        0x3 ff
 .rodata.str1.4
                0x000000000200ec10       0x48 /opt/devkitpro/devkitARM/lib/gcc/arm-none-eabi/9.1.0/../../../../arm-none-eabi/lib/libg.a(lib_a-locale.o)
                                         0x4c (size before relaxing)
 .rodata._mbrtowc_r.str1.4
                0x000000000200ec58        0x1 /opt/devkitpro/devkitARM/lib/gcc/arm-none-eabi/9.1.0/../../../../arm-none-eabi/lib/libg.a(lib_a-mbrtowc.o)
 .rodata.__action_table
                0x000000000200ec58       0x6c /opt/devkitpro/devkitARM/lib/gcc/arm-none-eabi/9.1.0/../../../../arm-none-eabi/lib/libg.a(lib_a-svfiprintf.o)
                0x000000000200ec58                __action_table
 .rodata.__chclass
                0x000000000200ecc4      0x100 /opt/devkitpro/devkitARM/lib/gcc/arm-none-eabi/9.1.0/../../../../arm-none-eabi/lib/libg.a(lib_a-svfiprintf.o)
                0x000000000200ecc4                __chclass
 .rodata.__state_table
                0x000000000200edc4       0x6c /opt/devkitpro/devkitARM/lib/gcc/arm-none-eabi/9.1.0/../../../../arm-none-eabi/lib/libg.a(lib_a-svfiprintf.o)
                0x000000000200edc4                __state_table
 .rodata._jp2uc_l.str1.4
                0x000000000200ee30       0x12 /opt/devkitpro/devkitARM/lib/gcc/arm-none-eabi/9.1.0/../../../../arm-none-eabi/lib/libg.a(lib_a-jp2uc.o)
 *fill*         0x000000000200ee42        0x2 ff
 .rodata.a1     0x000000000200ee44       0xbc /opt/devkitpro/devkitARM/lib/gcc/arm-none-eabi/9.1.0/../../../../arm-none-eabi/lib/libg.a(lib_a-jp2uc.o)
 .rodata.a2     0x000000000200ef00       0xbc /opt/devkitpro/devkitARM/lib/gcc/arm-none-eabi/9.1.0/../../../../arm-none-eabi/lib/libg.a(lib_a-jp2uc.o)
 .rodata.a3     0x000000000200efbc       0x5b /opt/devkitpro/devkitARM/lib/gcc/arm-none-eabi/9.1.0/../../../../arm-none-eabi/lib/libg.a(lib_a-jp2uc.o)
 *fill*         0x000000000200f017        0x1 ff
 .rodata.a6     0x000000000200f018       0x70 /opt/devkitpro/devkitARM/lib/gcc/arm-none-eabi/9.1.0/../../../../arm-none-eabi/lib/libg.a(lib_a-jp2uc.o)
 .rodata.a7     0x000000000200f088       0xa2 /opt/devkitpro/devkitARM/lib/gcc/arm-none-eabi/9.1.0/../../../../arm-none-eabi/lib/libg.a(lib_a-jp2uc.o)
 *fill*         0x000000000200f12a        0x2 ff
 .rodata.a8     0x000000000200f12c       0x40 /opt/devkitpro/devkitARM/lib/gcc/arm-none-eabi/9.1.0/../../../../arm-none-eabi/lib/libg.a(lib_a-jp2uc.o)
 .rodata.b02cf  0x000000000200f16c     0x172a /opt/devkitpro/devkitARM/lib/gcc/arm-none-eabi/9.1.0/../../../../arm-none-eabi/lib/libg.a(lib_a-jp2uc.o)
 *fill*         0x0000000002010896        0x2 ff
 .rodata.d02f4  0x0000000002010898     0x1a7c /opt/devkitpro/devkitARM/lib/gcc/arm-none-eabi/9.1.0/../../../../arm-none-eabi/lib/libg.a(lib_a-jp2uc.o)
 .rodata.categories
                0x0000000002012314     0x309c /opt/devkitpro/devkitARM/lib/gcc/arm-none-eabi/9.1.0/../../../../arm-none-eabi/lib/libg.a(lib_a-categories.o)
 .rodata.AddDevice.str1.4
                0x00000000020153b0        0x8 /opt/devkitpro/devkitARM/lib/gcc/arm-none-eabi/9.1.0/../../../../arm-none-eabi/lib/libsysbase.a(iosupport.o)
 .rodata.dotab_stdnull
                0x00000000020153b8       0x70 /opt/devkitpro/devkitARM/lib/gcc/arm-none-eabi/9.1.0/../../../../arm-none-eabi/lib/libsysbase.a(iosupport.o)
                0x00000000020153b8                dotab_stdnull
 *(EXCLUDE_FILE(*.twl*) .gnu.linkonce.r*)
                0x0000000002015428                . = ALIGN (0x4)

.ARM.extab
 *(.ARM.extab* .gnu.linkonce.armextab.*)
                0x0000000002015428                __exidx_start = .

ARM.exidx
 *(.ARM.exidx* .gnu.linkonce.armexidx.*)
                0x0000000002015428                __exidx_end = .
                0x0000000002015428                . = ALIGN (0x4)
                0x0000000002015428                PROVIDE (__preinit_array_start = .)

.preinit_array
 *(.preinit_array)
                0x0000000002015428                PROVIDE (__preinit_array_end = .)
                0x0000000002015428                PROVIDE (__init_array_start = .)

.init_array     0x0000000002015428        0x4
 *(SORT_BY_NAME(.init_array.*))
 *(.init_array)
 .init_array    0x0000000002015428        0x4 /opt/devkitpro/devkitARM/lib/gcc/arm-none-eabi/9.1.0/crtbegin.o
                0x000000000201542c                PROVIDE (__init_array_end = .)
                [!provide]                        PROVIDE (__fini_array_start = .)

.fini_array     0x000000000201542c        0x4
 *(.fini_array)
 .fini_array    0x000000000201542c        0x4 /opt/devkitpro/devkitARM/lib/gcc/arm-none-eabi/9.1.0/crtbegin.o
 *(SORT_BY_NAME(.fini_array.*))
                [!provide]                        PROVIDE (__fini_array_end = .)

.ctors          0x0000000002015430        0x0
 *crtbegin.o(.ctors)
 *(EXCLUDE_FILE(*crtend.o) .ctors)
 *(SORT_BY_NAME(.ctors.*))
 *(.ctors)
                0x0000000002015430                . = ALIGN (0x4)

.dtors          0x0000000002015430        0x0
 *crtbegin.o(.dtors)
 *(EXCLUDE_FILE(*crtend.o) .dtors)
 *(SORT_BY_NAME(.dtors.*))
 *(.dtors)
                0x0000000002015430                . = ALIGN (0x4)

.eh_frame       0x0000000002015430        0x4
 *(.eh_frame)
 .eh_frame      0x0000000002015430        0x0 /opt/devkitpro/devkitARM/lib/gcc/arm-none-eabi/9.1.0/crtbegin.o
 .eh_frame      0x0000000002015430        0x4 /opt/devkitpro/devkitARM/lib/gcc/arm-none-eabi/9.1.0/crtend.o
                0x0000000002015434                . = ALIGN (0x4)

.rel.dyn        0x0000000002015434        0x0
 .rel.iplt      0x0000000002015434        0x0 /opt/devkitpro/devkitARM/lib/gcc/arm-none-eabi/9.1.0/../../../../arm-none-eabi/lib/ds_arm9_crt0.o

.gcc_except_table
                0x0000000002015434        0x0
 *(.gcc_except_table)
                0x0000000002015434                . = ALIGN (0x4)

.jcr
 *(.jcr)

.got
 *(.got.plt)
 *(.got)
 *(.rel.got)

.ewram          0x0000000002015434        0x0
                0x0000000002015434                __ewram_start = ABSOLUTE (.)
 *(.ewram)
 *ewram.*(.text)
                0x0000000002015434                . = ALIGN (0x4)

.data           0x0000000002015434     0x1bb8
                0x0000000002015434                __data_start = ABSOLUTE (.)
 *(EXCLUDE_FILE(*.twl*) .data)
 .data          0x0000000002015434       0x28 /opt/devkitpro/libnds/lib/libnds9.a(mpu_setup.o)
 *(EXCLUDE_FILE(*.twl*) .data.*)
 .data.currentConsole
                0x000000000201545c        0x4 /opt/devkitpro/libnds/lib/libnds9.a(console.o)
                0x000000000201545c                currentConsole
 .data.defaultConsole
                0x0000000002015460       0x5c /opt/devkitpro/libnds/lib/libnds9.a(console.o)
                0x0000000002015460                defaultConsole
 .data.firstConsoleInit.6889
                0x00000000020154bc        0x1 /opt/devkitpro/libnds/lib/libnds9.a(console.o)
 .data.count    0x00000000020154bd        0x1 /opt/devkitpro/libnds/lib/libnds9.a(keys.o)
 .data.delay    0x00000000020154be        0x1 /opt/devkitpro/libnds/lib/libnds9.a(keys.o)
 .data.repeat   0x00000000020154bf        0x1 /opt/devkitpro/libnds/lib/libnds9.a(keys.o)
 .data.fifo_buffer_free
                0x00000000020154c0        0x4 /opt/devkitpro/libnds/lib/libnds9.a(fifosystem.o)
                0x00000000020154c0                fifo_buffer_free
 .data.fifo_freewords
                0x00000000020154c4        0x4 /opt/devkitpro/libnds/lib/libnds9.a(fifosystem.o)
                0x00000000020154c4                fifo_freewords
 .data.fifo_receive_queue
                0x00000000020154c8        0x4 /opt/devkitpro/libnds/lib/libnds9.a(fifosystem.o)
                0x00000000020154c8                fifo_receive_queue
 .data.fifo_send_queue
                0x00000000020154cc        0x4 /opt/devkitpro/libnds/lib/libnds9.a(fifosystem.o)
                0x00000000020154cc                fifo_send_queue
 .data.bgControl
                0x00000000020154d0       0x20 /opt/devkitpro/libnds/lib/libnds9.a(background.o)
                0x00000000020154d0                bgControl
 .data.bgScrollTable
                0x00000000020154f0       0x20 /opt/devkitpro/libnds/lib/libnds9.a(background.o)
                0x00000000020154f0                bgScrollTable
 .data.bgTransform
                0x0000000002015510       0x20 /opt/devkitpro/libnds/lib/libnds9.a(background.o)
                0x0000000002015510                bgTransform
 .data.__sfp_recursive_mutex
                0x0000000002015530        0xc /opt/devkitpro/devkitARM/lib/gcc/arm-none-eabi/9.1.0/../../../../arm-none-eabi/lib/libg.a(lib_a-findfp.o)
 .data.__sinit_recursive_mutex
                0x000000000201553c        0xc /opt/devkitpro/devkitARM/lib/gcc/arm-none-eabi/9.1.0/../../../../arm-none-eabi/lib/libg.a(lib_a-findfp.o)
 .data._impure_ptr
                0x0000000002015548        0x4 /opt/devkitpro/devkitARM/lib/gcc/arm-none-eabi/9.1.0/../../../../arm-none-eabi/lib/libg.a(lib_a-impure.o)
                0x0000000002015548                _impure_ptr
 *fill*         0x000000000201554c        0x4 ff
 .data.impure_data
                0x0000000002015550      0x460 /opt/devkitpro/devkitARM/lib/gcc/arm-none-eabi/9.1.0/../../../../arm-none-eabi/lib/libg.a(lib_a-impure.o)
 .data.__global_locale
                0x00000000020159b0      0x16c /opt/devkitpro/devkitARM/lib/gcc/arm-none-eabi/9.1.0/../../../../arm-none-eabi/lib/libg.a(lib_a-locale.o)
                0x00000000020159b0                __global_locale
 .data.__malloc_av_
                0x0000000002015b1c      0x408 /opt/devkitpro/devkitARM/lib/gcc/arm-none-eabi/9.1.0/../../../../arm-none-eabi/lib/libg.a(lib_a-mallocr.o)
                0x0000000002015b1c                __malloc_av_
 .data.__malloc_sbrk_base
                0x0000000002015f24        0x4 /opt/devkitpro/devkitARM/lib/gcc/arm-none-eabi/9.1.0/../../../../arm-none-eabi/lib/libg.a(lib_a-mallocr.o)
                0x0000000002015f24                __malloc_sbrk_base
 .data.__malloc_trim_threshold
                0x0000000002015f28        0x4 /opt/devkitpro/devkitARM/lib/gcc/arm-none-eabi/9.1.0/../../../../arm-none-eabi/lib/libg.a(lib_a-mallocr.o)
                0x0000000002015f28                __malloc_trim_threshold
 .data.__malloc_recursive_mutex
                0x0000000002015f2c        0xc /opt/devkitpro/devkitARM/lib/gcc/arm-none-eabi/9.1.0/../../../../arm-none-eabi/lib/libg.a(lib_a-mlock.o)
 .data.devoptab_list
                0x0000000002015f38       0x8c /opt/devkitpro/devkitARM/lib/gcc/arm-none-eabi/9.1.0/../../../../arm-none-eabi/lib/libsysbase.a(iosupport.o)
                0x0000000002015f38                devoptab_list
 .data.__hndl_lock
                0x0000000002015fc4        0x4 /opt/devkitpro/devkitARM/lib/gcc/arm-none-eabi/9.1.0/../../../../arm-none-eabi/lib/libsysbase.a(handle_manager.o)
 .data.__stderr_handle
                0x0000000002015fc8        0xc /opt/devkitpro/devkitARM/lib/gcc/arm-none-eabi/9.1.0/../../../../arm-none-eabi/lib/libsysbase.a(handle_manager.o)
 .data.__stdin_handle
                0x0000000002015fd4        0xc /opt/devkitpro/devkitARM/lib/gcc/arm-none-eabi/9.1.0/../../../../arm-none-eabi/lib/libsysbase.a(handle_manager.o)
 .data.__stdout_handle
                0x0000000002015fe0        0xc /opt/devkitpro/devkitARM/lib/gcc/arm-none-eabi/9.1.0/../../../../arm-none-eabi/lib/libsysbase.a(handle_manager.o)
 .data.handles  0x0000000002015fec     0x1000 /opt/devkitpro/devkitARM/lib/gcc/arm-none-eabi/9.1.0/../../../../arm-none-eabi/lib/libsysbase.a(handle_manager.o)
 *(EXCLUDE_FILE(*.twl*) .gnu.linkonce.d*)
                0x0000000002016fec                . = ALIGN (0x4)
                0x0000000002016fec                __data_end = ABSOLUTE (.)
                0x0000000002016fec                __bss_vma = .

.igot.plt       0x0000000002016fec        0x0
 .igot.plt      0x0000000002016fec        0x0 /opt/devkitpro/devkitARM/lib/gcc/arm-none-eabi/9.1.0/../../../../arm-none-eabi/lib/ds_arm9_crt0.o

.tm_clone_table
                0x0000000002016fec        0x0
 .tm_clone_table
                0x0000000002016fec        0x0 /opt/devkitpro/devkitARM/lib/gcc/arm-none-eabi/9.1.0/crtbegin.o
 .tm_clone_table
                0x0000000002016fec        0x0 /opt/devkitpro/devkitARM/lib/gcc/arm-none-eabi/9.1.0/crtend.o

.dtcm           0x000000000b000000        0x0 load address 0x0000000002016fec
                0x0000000002016fec                __dtcm_lma = LOADADDR (.dtcm)
                0x000000000b000000                __dtcm_start = ABSOLUTE (.)
 *(.dtcm)
 *(.dtcm.*)
                0x000000000b000000                . = ALIGN (0x4)
                0x000000000b000000                __dtcm_end = ABSOLUTE (.)

.itcm           0x0000000001000100      0x194 load address 0x0000000002016fec
                0x0000000002016fec                __itcm_lma = LOADADDR (.itcm)
                0x0000000001000100                __itcm_start = ABSOLUTE (.)
 *(.itcm)
 .itcm          0x0000000001000100       0xc8 /opt/devkitpro/libnds/lib/libnds9.a(interrupts.o)
                0x0000000001000100                irqTable
 .itcm          0x00000000010001c8       0xcc /opt/devkitpro/libnds/lib/libnds9.a(interruptDispatcher.o)
                0x00000000010001c8                IntrMain
 *.itcm*(.text .stub .text.*)
                0x0000000001000294                . = ALIGN (0x4)
                0x0000000001000294                __itcm_end = ABSOLUTE (.)

.vectors        0x0000000001000000        0x0 load address 0x0000000002017180
                0x0000000002017180                __vectors_lma = LOADADDR (.vectors)
                0x0000000001000000                __vectors_start = ABSOLUTE (.)
 *(.vectors .vectors.*)
                0x0000000001000000                . = ALIGN (0x4)
                0x0000000001000000                __vectors_end = ABSOLUTE (.)

.sbss           0x000000000b000000        0x0
                0x000000000b000000                __sbss_start = ABSOLUTE (.)
                0x000000000b000000                __sbss_start__ = ABSOLUTE (.)
 *(.sbss)
                0x000000000b000000                . = ALIGN (0x4)
                0x000000000b000000                __sbss_end = ABSOLUTE (.)

.bss            0x0000000002016fec      0xca0
                0x0000000002016fec                __bss_start = ABSOLUTE (.)
                0x0000000002016fec                __bss_start__ = ABSOLUTE (.)
 *(EXCLUDE_FILE(*.twl*) .dynbss)
 *(EXCLUDE_FILE(*.twl*) .gnu.linkonce.b*)
 *(EXCLUDE_FILE(*.twl*) .bss*)
 .bss.completed.9071
                0x0000000002016fec        0x1 /opt/devkitpro/devkitARM/lib/gcc/arm-none-eabi/9.1.0/crtbegin.o
 *fill*         0x0000000002016fed        0x3 
 .bss.object.9076
                0x0000000002016ff0       0x18 /opt/devkitpro/devkitARM/lib/gcc/arm-none-eabi/9.1.0/crtbegin.o
 .bss.keys      0x0000000002017008        0x2 /opt/devkitpro/libnds/lib/libnds9.a(keys.o)
 .bss.keysold   0x000000000201700a        0x2 /opt/devkitpro/libnds/lib/libnds9.a(keys.o)
 .bss.keysrepeat
                0x000000000201700c        0x2 /opt/devkitpro/libnds/lib/libnds9.a(keys.o)
 *fill*         0x000000000201700e        0x2 
 .bss.processing
                0x0000000002017010        0x4 /opt/devkitpro/libnds/lib/libnds9.a(fifosystem.o)
                0x0000000002017010                processing
 .bss.SDcallback
                0x0000000002017014        0x4 /opt/devkitpro/libnds/lib/libnds9.a(system.o)
 .bss.__malloc_current_mallinfo
                0x0000000002017018       0x28 /opt/devkitpro/devkitARM/lib/gcc/arm-none-eabi/9.1.0/../../../../arm-none-eabi/lib/libg.a(lib_a-mallocr.o)
                0x0000000002017018                __malloc_current_mallinfo
 .bss.__malloc_max_sbrked_mem
                0x0000000002017040        0x4 /opt/devkitpro/devkitARM/lib/gcc/arm-none-eabi/9.1.0/../../../../arm-none-eabi/lib/libg.a(lib_a-mallocr.o)
                0x0000000002017040                __malloc_max_sbrked_mem
 .bss.__malloc_max_total_mem
                0x0000000002017044        0x4 /opt/devkitpro/devkitARM/lib/gcc/arm-none-eabi/9.1.0/../../../../arm-none-eabi/lib/libg.a(lib_a-mallocr.o)
                0x0000000002017044                __malloc_max_total_mem
 .bss.__malloc_top_pad
                0x0000000002017048        0x4 /opt/devkitpro/devkitARM/lib/gcc/arm-none-eabi/9.1.0/../../../../arm-none-eabi/lib/libg.a(lib_a-mallocr.o)
                0x0000000002017048                __malloc_top_pad
 .bss.heap_start.6057
                0x000000000201704c        0x4 /opt/devkitpro/devkitARM/lib/gcc/arm-none-eabi/9.1.0/../../../../arm-none-eabi/lib/libsysbase.a(sbrk.o)
 .bss.fake_heap_end
                0x0000000002017050        0x4 /opt/devkitpro/devkitARM/lib/gcc/arm-none-eabi/9.1.0/../../../../arm-none-eabi/lib/libsysbase.a(malloc_vars.o)
                0x0000000002017050                fake_heap_end
 .bss.fake_heap_start
                0x0000000002017054        0x4 /opt/devkitpro/devkitARM/lib/gcc/arm-none-eabi/9.1.0/../../../../arm-none-eabi/lib/libsysbase.a(malloc_vars.o)
                0x0000000002017054                fake_heap_start
 .bss.__syscalls
                0x0000000002017058       0x48 /opt/devkitpro/devkitARM/lib/gcc/arm-none-eabi/9.1.0/../../../../arm-none-eabi/lib/libsysbase.a(syscall_support.o)
                0x0000000002017058                __syscalls
 *(EXCLUDE_FILE(*.twl*) COMMON)
 COMMON         0x00000000020170a0       0x5c /opt/devkitpro/libnds/lib/libnds9.a(console.o)
                0x00000000020170a0                currentCopy
 COMMON         0x00000000020170fc        0x1 /opt/devkitpro/libnds/lib/libnds9.a(initSystem.o)
                0x00000000020170fc                __dsimode
 *fill*         0x00000000020170fd        0x3 
 COMMON         0x0000000002017100        0x4 /opt/devkitpro/libnds/lib/libnds9.a(timeSupport.o)
                0x0000000002017100                punixTime
 COMMON         0x0000000002017104      0xa40 /opt/devkitpro/libnds/lib/libnds9.a(fifosystem.o)
                0x0000000002017104                fifo_datamsg_data
                0x0000000002017144                fifo_buffer
                0x0000000002017944                fifo_value32_func
                0x0000000002017984                fifo_address_func
                0x00000000020179c4                fifo_value32_data
                0x0000000002017a04                fifo_value32_queue
                0x0000000002017a44                fifo_data_queue
                0x0000000002017a84                fifo_address_data
                0x0000000002017ac4                fifo_datamsg_func
                0x0000000002017b04                fifo_address_queue
 COMMON         0x0000000002017b44      0x148 /opt/devkitpro/libnds/lib/libnds9.a(background.o)
                0x0000000002017b44                bgState
                0x0000000002017c84                bgIsTextLut
                0x0000000002017c8c                . = ALIGN (0x4)
                0x0000000002017c8c                __bss_end__ = ABSOLUTE (.)
                0x0000000002017c8c                __end__ = ABSOLUTE (.)

.twl            0x0000000002017c8c        0x0 load address 0x0000000002400000
                0x0000000002400000                __arm9i_lma__ = LOADADDR (.twl)
                0x0000000002017c8c                __arm9i_start__ = ABSOLUTE (.)
 *(.twl)
 *.twl*(.text .stub .text.* .gnu.linkonce.t.*)
 *.twl*(.rodata)
 *.twl*(.roda)
 *.twl*(.rodata.*)
 *.twl*(.data)
 *.twl*(.data.*)
 *.twl*(.gnu.linkonce.d*)
                0x0000000002017c8c                __arm9i_end__ = ABSOLUTE (.)

.twl_bss        0x0000000002017c8c        0x0
                0x0000000002017c8c                __twl_bss_start__ = ABSOLUTE (.)
 *(.twl_bss)
 *.twl*(.dynbss)
 *.twl*(.gnu.linkonce.b*)
 *.twl*(.bss*)
 *.twl*(COMMON)
                0x0000000002017c8c                . = ALIGN (0x4)
                0x0000000002017c8c                __twl_bss_end__ = ABSOLUTE (.)
                0x0000000002017c8c                __twl_end__ = ABSOLUTE (.)

.stab
 *(.stab)

.stabstr
 *(.stabstr)

.stab.excl
 *(.stab.excl)

.stab.exclstr
 *(.stab.exclstr)

.stab.index
 *(.stab.index)

.stab.indexstr
 *(.stab.indexstr)

.comment        0x0000000000000000       0x44
 *(.comment)
 .comment       0x0000000000000000       0x22 /opt/devkitpro/devkitARM/lib/gcc/arm-none-eabi/9.1.0/crtbegin.o
                                         0x23 (size before relaxing)
 .comment       0x0000000000000022       0x23 main.o
 .comment       0x0000000000000022       0x22 /opt/devkitpro/libnds/lib/libnds9.a(console.o)
                                         0x23 (size before relaxing)
 .comment       0x0000000000000044       0x23 /opt/devkitpro/libnds/lib/libnds9.a(keys.o)
 .comment       0x0000000000000044       0x23 /opt/devkitpro/libnds/lib/libnds9.a(initSystem.o)
 .comment       0x0000000000000044       0x23 /opt/devkitpro/libnds/lib/libnds9.a(timeSupport.o)
 .comment       0x0000000000000044       0x23 /opt/devkitpro/libnds/lib/libnds9.a(securearea.o)
 .comment       0x0000000000000044       0x23 /opt/devkitpro/libnds/lib/libnds9.a(interrupts.o)
 .comment       0x0000000000000044       0x23 /opt/devkitpro/libnds/lib/libnds9.a(libnds_exit.arm.o)
 .comment       0x0000000000000044       0x23 /opt/devkitpro/libnds/lib/libnds9.a(fifosystem.o)
 .comment       0x0000000000000044       0x23 /opt/devkitpro/libnds/lib/libnds9.a(background.o)
 .comment       0x0000000000000044       0x23 /opt/devkitpro/libnds/lib/libnds9.a(video.o)
 .comment       0x0000000000000044       0x23 /opt/devkitpro/libnds/lib/libnds9.a(system.o)
 .comment       0x0000000000000044       0x23 /opt/devkitpro/libnds/lib/libnds9.a(trig.o)
 .comment       0x0000000000000044       0x23 /opt/devkitpro/devkitARM/lib/gcc/arm-none-eabi/9.1.0/../../../../arm-none-eabi/lib/libg.a(lib_a-init.o)
 .comment       0x0000000000000044       0x23 /opt/devkitpro/devkitARM/lib/gcc/arm-none-eabi/9.1.0/../../../../arm-none-eabi/lib/libg.a(lib_a-iprintf.o)
 .comment       0x0000000000000044       0x23 /opt/devkitpro/devkitARM/lib/gcc/arm-none-eabi/9.1.0/../../../../arm-none-eabi/lib/libg.a(lib_a-memcpy-stub.o)
 .comment       0x0000000000000044       0x23 /opt/devkitpro/devkitARM/lib/gcc/arm-none-eabi/9.1.0/../../../../arm-none-eabi/lib/libg.a(lib_a-memset.o)
 .comment       0x0000000000000044       0x23 /opt/devkitpro/devkitARM/lib/gcc/arm-none-eabi/9.1.0/../../../../arm-none-eabi/lib/libg.a(lib_a-setvbuf.o)
 .comment       0x0000000000000044       0x23 /opt/devkitpro/devkitARM/lib/gcc/arm-none-eabi/9.1.0/../../../../arm-none-eabi/lib/libg.a(lib_a-siscanf.o)
 .comment       0x0000000000000044       0x23 /opt/devkitpro/devkitARM/lib/gcc/arm-none-eabi/9.1.0/../../../../arm-none-eabi/lib/libg.a(lib_a-stdio.o)
 .comment       0x0000000000000044       0x23 /opt/devkitpro/devkitARM/lib/gcc/arm-none-eabi/9.1.0/../../../../arm-none-eabi/lib/libg.a(lib_a-strlen-stub.o)
 .comment       0x0000000000000044       0x23 /opt/devkitpro/devkitARM/lib/gcc/arm-none-eabi/9.1.0/../../../../arm-none-eabi/lib/libg.a(lib_a-svfiscanf.o)
 .comment       0x0000000000000044       0x23 /opt/devkitpro/devkitARM/lib/gcc/arm-none-eabi/9.1.0/../../../../arm-none-eabi/lib/libg.a(lib_a-ungetc.o)
 .comment       0x0000000000000044       0x23 /opt/devkitpro/devkitARM/lib/gcc/arm-none-eabi/9.1.0/../../../../arm-none-eabi/lib/libg.a(lib_a-vfiprintf.o)
 .comment       0x0000000000000044       0x23 /opt/devkitpro/devkitARM/lib/gcc/arm-none-eabi/9.1.0/../../../../arm-none-eabi/lib/libg.a(lib_a-wcrtomb.o)
 .comment       0x0000000000000044       0x23 /opt/devkitpro/devkitARM/lib/gcc/arm-none-eabi/9.1.0/../../../../arm-none-eabi/lib/libg.a(lib_a-wcsrtombs.o)
 .comment       0x0000000000000044       0x23 /opt/devkitpro/devkitARM/lib/gcc/arm-none-eabi/9.1.0/../../../../arm-none-eabi/lib/libg.a(lib_a-wsetup.o)
 .comment       0x0000000000000044       0x23 /opt/devkitpro/devkitARM/lib/gcc/arm-none-eabi/9.1.0/../../../../arm-none-eabi/lib/libg.a(lib_a-ctype_.o)
 .comment       0x0000000000000044       0x23 /opt/devkitpro/devkitARM/lib/gcc/arm-none-eabi/9.1.0/../../../../arm-none-eabi/lib/libg.a(lib_a-fflush.o)
 .comment       0x0000000000000044       0x23 /opt/devkitpro/devkitARM/lib/gcc/arm-none-eabi/9.1.0/../../../../arm-none-eabi/lib/libg.a(lib_a-findfp.o)
 .comment       0x0000000000000044       0x23 /opt/devkitpro/devkitARM/lib/gcc/arm-none-eabi/9.1.0/../../../../arm-none-eabi/lib/libg.a(lib_a-freer.o)
 .comment       0x0000000000000044       0x23 /opt/devkitpro/devkitARM/lib/gcc/arm-none-eabi/9.1.0/../../../../arm-none-eabi/lib/libg.a(lib_a-fvwrite.o)
 .comment       0x0000000000000044       0x23 /opt/devkitpro/devkitARM/lib/gcc/arm-none-eabi/9.1.0/../../../../arm-none-eabi/lib/libg.a(lib_a-fwalk.o)
 .comment       0x0000000000000044       0x23 /opt/devkitpro/devkitARM/lib/gcc/arm-none-eabi/9.1.0/../../../../arm-none-eabi/lib/libg.a(lib_a-impure.o)
 .comment       0x0000000000000044       0x23 /opt/devkitpro/devkitARM/lib/gcc/arm-none-eabi/9.1.0/../../../../arm-none-eabi/lib/libg.a(lib_a-iswspace.o)
 .comment       0x0000000000000044       0x23 /opt/devkitpro/devkitARM/lib/gcc/arm-none-eabi/9.1.0/../../../../arm-none-eabi/lib/libg.a(lib_a-localeconv.o)
 .comment       0x0000000000000044       0x23 /opt/devkitpro/devkitARM/lib/gcc/arm-none-eabi/9.1.0/../../../../arm-none-eabi/lib/libg.a(lib_a-locale.o)
 .comment       0x0000000000000044       0x23 /opt/devkitpro/devkitARM/lib/gcc/arm-none-eabi/9.1.0/../../../../arm-none-eabi/lib/libg.a(lib_a-makebuf.o)
 .comment       0x0000000000000044       0x23 /opt/devkitpro/devkitARM/lib/gcc/arm-none-eabi/9.1.0/../../../../arm-none-eabi/lib/libg.a(lib_a-malloc.o)
 .comment       0x0000000000000044       0x23 /opt/devkitpro/devkitARM/lib/gcc/arm-none-eabi/9.1.0/../../../../arm-none-eabi/lib/libg.a(lib_a-mallocr.o)
 .comment       0x0000000000000044       0x23 /opt/devkitpro/devkitARM/lib/gcc/arm-none-eabi/9.1.0/../../../../arm-none-eabi/lib/libg.a(lib_a-mbrtowc.o)
 .comment       0x0000000000000044       0x23 /opt/devkitpro/devkitARM/lib/gcc/arm-none-eabi/9.1.0/../../../../arm-none-eabi/lib/libg.a(lib_a-mbtowc_r.o)
 .comment       0x0000000000000044       0x23 /opt/devkitpro/devkitARM/lib/gcc/arm-none-eabi/9.1.0/../../../../arm-none-eabi/lib/libg.a(lib_a-memchr-stub.o)
 .comment       0x0000000000000044       0x23 /opt/devkitpro/devkitARM/lib/gcc/arm-none-eabi/9.1.0/../../../../arm-none-eabi/lib/libg.a(lib_a-memmove.o)
 .comment       0x0000000000000044       0x23 /opt/devkitpro/devkitARM/lib/gcc/arm-none-eabi/9.1.0/../../../../arm-none-eabi/lib/libg.a(lib_a-mlock.o)
 .comment       0x0000000000000044       0x23 /opt/devkitpro/devkitARM/lib/gcc/arm-none-eabi/9.1.0/../../../../arm-none-eabi/lib/libg.a(lib_a-realloc.o)
 .comment       0x0000000000000044       0x23 /opt/devkitpro/devkitARM/lib/gcc/arm-none-eabi/9.1.0/../../../../arm-none-eabi/lib/libg.a(lib_a-reallocr.o)
 .comment       0x0000000000000044       0x23 /opt/devkitpro/devkitARM/lib/gcc/arm-none-eabi/9.1.0/../../../../arm-none-eabi/lib/libg.a(lib_a-sccl.o)
 .comment       0x0000000000000044       0x23 /opt/devkitpro/devkitARM/lib/gcc/arm-none-eabi/9.1.0/../../../../arm-none-eabi/lib/libg.a(lib_a-strncpy.o)
 .comment       0x0000000000000044       0x23 /opt/devkitpro/devkitARM/lib/gcc/arm-none-eabi/9.1.0/../../../../arm-none-eabi/lib/libg.a(lib_a-strtoll.o)
 .comment       0x0000000000000044       0x23 /opt/devkitpro/devkitARM/lib/gcc/arm-none-eabi/9.1.0/../../../../arm-none-eabi/lib/libg.a(lib_a-strtol.o)
 .comment       0x0000000000000044       0x23 /opt/devkitpro/devkitARM/lib/gcc/arm-none-eabi/9.1.0/../../../../arm-none-eabi/lib/libg.a(lib_a-strtoull.o)
 .comment       0x0000000000000044       0x23 /opt/devkitpro/devkitARM/lib/gcc/arm-none-eabi/9.1.0/../../../../arm-none-eabi/lib/libg.a(lib_a-strtoul.o)
 .comment       0x0000000000000044       0x23 /opt/devkitpro/devkitARM/lib/gcc/arm-none-eabi/9.1.0/../../../../arm-none-eabi/lib/libg.a(lib_a-svfiprintf.o)
 .comment       0x0000000000000044       0x23 /opt/devkitpro/devkitARM/lib/gcc/arm-none-eabi/9.1.0/../../../../arm-none-eabi/lib/libg.a(lib_a-wcsnrtombs.o)
 .comment       0x0000000000000044       0x23 /opt/devkitpro/devkitARM/lib/gcc/arm-none-eabi/9.1.0/../../../../arm-none-eabi/lib/libg.a(lib_a-wctomb_r.o)
 .comment       0x0000000000000044       0x23 /opt/devkitpro/devkitARM/lib/gcc/arm-none-eabi/9.1.0/../../../../arm-none-eabi/lib/libg.a(lib_a-fclose.o)
 .comment       0x0000000000000044       0x23 /opt/devkitpro/devkitARM/lib/gcc/arm-none-eabi/9.1.0/../../../../arm-none-eabi/lib/libg.a(lib_a-iswspace_l.o)
 .comment       0x0000000000000044       0x23 /opt/devkitpro/devkitARM/lib/gcc/arm-none-eabi/9.1.0/../../../../arm-none-eabi/lib/libg.a(lib_a-jp2uc.o)
 .comment       0x0000000000000044       0x23 /opt/devkitpro/devkitARM/lib/gcc/arm-none-eabi/9.1.0/../../../../arm-none-eabi/lib/libg.a(lib_a-categories.o)
 .comment       0x0000000000000044       0x23 /opt/devkitpro/devkitARM/lib/gcc/arm-none-eabi/9.1.0/../../../../arm-none-eabi/lib/libsysbase.a(iosupport.o)
 .comment       0x0000000000000044       0x23 /opt/devkitpro/devkitARM/lib/gcc/arm-none-eabi/9.1.0/../../../../arm-none-eabi/lib/libsysbase.a(fstat.o)
 .comment       0x0000000000000044       0x23 /opt/devkitpro/devkitARM/lib/gcc/arm-none-eabi/9.1.0/../../../../arm-none-eabi/lib/libsysbase.a(isatty.o)
 .comment       0x0000000000000044       0x23 /opt/devkitpro/devkitARM/lib/gcc/arm-none-eabi/9.1.0/../../../../arm-none-eabi/lib/libsysbase.a(lseek.o)
 .comment       0x0000000000000044       0x23 /opt/devkitpro/devkitARM/lib/gcc/arm-none-eabi/9.1.0/../../../../arm-none-eabi/lib/libsysbase.a(read.o)
 .comment       0x0000000000000044       0x23 /opt/devkitpro/devkitARM/lib/gcc/arm-none-eabi/9.1.0/../../../../arm-none-eabi/lib/libsysbase.a(sbrk.o)
 .comment       0x0000000000000044       0x23 /opt/devkitpro/devkitARM/lib/gcc/arm-none-eabi/9.1.0/../../../../arm-none-eabi/lib/libsysbase.a(write.o)
 .comment       0x0000000000000044       0x23 /opt/devkitpro/devkitARM/lib/gcc/arm-none-eabi/9.1.0/../../../../arm-none-eabi/lib/libsysbase.a(malloc_vars.o)
 .comment       0x0000000000000044       0x23 /opt/devkitpro/devkitARM/lib/gcc/arm-none-eabi/9.1.0/../../../../arm-none-eabi/lib/libsysbase.a(build_argv.o)
 .comment       0x0000000000000044       0x23 /opt/devkitpro/devkitARM/lib/gcc/arm-none-eabi/9.1.0/../../../../arm-none-eabi/lib/libsysbase.a(flock.o)
 .comment       0x0000000000000044       0x23 /opt/devkitpro/devkitARM/lib/gcc/arm-none-eabi/9.1.0/../../../../arm-none-eabi/lib/libsysbase.a(syscall_support.o)
 .comment       0x0000000000000044       0x23 /opt/devkitpro/devkitARM/lib/gcc/arm-none-eabi/9.1.0/../../../../arm-none-eabi/lib/libsysbase.a(handle_manager.o)
 .comment       0x0000000000000044       0x23 /opt/devkitpro/devkitARM/lib/gcc/arm-none-eabi/9.1.0/../../../../arm-none-eabi/lib/libsysbase.a(getreent.o)
 .comment       0x0000000000000044       0x23 /opt/devkitpro/devkitARM/lib/gcc/arm-none-eabi/9.1.0/libgcc.a(_udivmoddi4.o)
 .comment       0x0000000000000044       0x23 /opt/devkitpro/devkitARM/lib/gcc/arm-none-eabi/9.1.0/crtend.o

.ARM.attributes
                0x0000000000000000       0x2d
 .ARM.attributes
                0x0000000000000000       0x21 /opt/devkitpro/devkitARM/lib/gcc/arm-none-eabi/9.1.0/../../../../arm-none-eabi/lib/ds_arm9_crt0.o
 .ARM.attributes
                0x0000000000000021       0x1c /opt/devkitpro/devkitARM/lib/gcc/arm-none-eabi/9.1.0/crti.o
 .ARM.attributes
                0x000000000000003d       0x2a /opt/devkitpro/devkitARM/lib/gcc/arm-none-eabi/9.1.0/crtbegin.o
 .ARM.attributes
                0x0000000000000067       0x2b main.o
 .ARM.attributes
                0x0000000000000092       0x2b /opt/devkitpro/libnds/lib/libnds9.a(console.o)
 .ARM.attributes
                0x00000000000000bd       0x2b /opt/devkitpro/libnds/lib/libnds9.a(keys.o)
 .ARM.attributes
                0x00000000000000e8       0x2b /opt/devkitpro/libnds/lib/libnds9.a(initSystem.o)
 .ARM.attributes
                0x0000000000000113       0x2b /opt/devkitpro/libnds/lib/libnds9.a(timeSupport.o)
 .ARM.attributes
                0x000000000000013e       0x2b /opt/devkitpro/libnds/lib/libnds9.a(securearea.o)
 .ARM.attributes
                0x0000000000000169       0x2b /opt/devkitpro/libnds/lib/libnds9.a(interrupts.o)
 .ARM.attributes
                0x0000000000000194       0x2b /opt/devkitpro/libnds/lib/libnds9.a(libnds_exit.arm.o)
 .ARM.attributes
                0x00000000000001bf       0x2b /opt/devkitpro/libnds/lib/libnds9.a(fifosystem.o)
 .ARM.attributes
                0x00000000000001ea       0x21 /opt/devkitpro/libnds/lib/libnds9.a(mpu_setup.o)
 .ARM.attributes
                0x000000000000020b       0x21 /opt/devkitpro/libnds/lib/libnds9.a(IntrWait.o)
 .ARM.attributes
                0x000000000000022c       0x21 /opt/devkitpro/libnds/lib/libnds9.a(cpu_clock.o)
 .ARM.attributes
                0x000000000000024d       0x1b /opt/devkitpro/libnds/lib/libnds9.a(interruptDispatcher.o)
 .ARM.attributes
                0x0000000000000268       0x21 /opt/devkitpro/libnds/lib/libnds9.a(swiSoftReset.o)
 .ARM.attributes
                0x0000000000000289       0x14 /opt/devkitpro/libnds/lib/libnds9.a(default_font.bin.o)
 .ARM.attributes
                0x000000000000029d       0x2b /opt/devkitpro/libnds/lib/libnds9.a(background.o)
 .ARM.attributes
                0x00000000000002c8       0x2b /opt/devkitpro/libnds/lib/libnds9.a(video.o)
 .ARM.attributes
                0x00000000000002f3       0x2b /opt/devkitpro/libnds/lib/libnds9.a(system.o)
 .ARM.attributes
                0x000000000000031e       0x2b /opt/devkitpro/libnds/lib/libnds9.a(trig.o)
 .ARM.attributes
                0x0000000000000349       0x1b /opt/devkitpro/libnds/lib/libnds9.a(biosCalls.o)
 .ARM.attributes
                0x0000000000000364       0x1c /opt/devkitpro/devkitARM/lib/gcc/arm-none-eabi/9.1.0/libgcc.a(_divsi3.o)
 .ARM.attributes
                0x0000000000000380       0x1c /opt/devkitpro/devkitARM/lib/gcc/arm-none-eabi/9.1.0/libgcc.a(_dvmd_tls.o)
 .ARM.attributes
                0x000000000000039c       0x2a /opt/devkitpro/devkitARM/lib/gcc/arm-none-eabi/9.1.0/../../../../arm-none-eabi/lib/libg.a(lib_a-init.o)
 .ARM.attributes
                0x00000000000003c6       0x2a /opt/devkitpro/devkitARM/lib/gcc/arm-none-eabi/9.1.0/../../../../arm-none-eabi/lib/libg.a(lib_a-iprintf.o)
 .ARM.attributes
                0x00000000000003f0       0x2a /opt/devkitpro/devkitARM/lib/gcc/arm-none-eabi/9.1.0/../../../../arm-none-eabi/lib/libg.a(lib_a-memcpy-stub.o)
 .ARM.attributes
                0x000000000000041a       0x2a /opt/devkitpro/devkitARM/lib/gcc/arm-none-eabi/9.1.0/../../../../arm-none-eabi/lib/libg.a(lib_a-memset.o)
 .ARM.attributes
                0x0000000000000444       0x2a /opt/devkitpro/devkitARM/lib/gcc/arm-none-eabi/9.1.0/../../../../arm-none-eabi/lib/libg.a(lib_a-setvbuf.o)
 .ARM.attributes
                0x000000000000046e       0x2a /opt/devkitpro/devkitARM/lib/gcc/arm-none-eabi/9.1.0/../../../../arm-none-eabi/lib/libg.a(lib_a-siscanf.o)
 .ARM.attributes
                0x0000000000000498       0x2a /opt/devkitpro/devkitARM/lib/gcc/arm-none-eabi/9.1.0/../../../../arm-none-eabi/lib/libg.a(lib_a-stdio.o)
 .ARM.attributes
                0x00000000000004c2       0x2a /opt/devkitpro/devkitARM/lib/gcc/arm-none-eabi/9.1.0/../../../../arm-none-eabi/lib/libg.a(lib_a-strlen-stub.o)
 .ARM.attributes
                0x00000000000004ec       0x2a /opt/devkitpro/devkitARM/lib/gcc/arm-none-eabi/9.1.0/../../../../arm-none-eabi/lib/libg.a(lib_a-svfiscanf.o)
 .ARM.attributes
                0x0000000000000516       0x2a /opt/devkitpro/devkitARM/lib/gcc/arm-none-eabi/9.1.0/../../../../arm-none-eabi/lib/libg.a(lib_a-ungetc.o)
 .ARM.attributes
                0x0000000000000540       0x2a /opt/devkitpro/devkitARM/lib/gcc/arm-none-eabi/9.1.0/../../../../arm-none-eabi/lib/libg.a(lib_a-vfiprintf.o)
 .ARM.attributes
                0x000000000000056a       0x2a /opt/devkitpro/devkitARM/lib/gcc/arm-none-eabi/9.1.0/../../../../arm-none-eabi/lib/libg.a(lib_a-wcrtomb.o)
 .ARM.attributes
                0x0000000000000594       0x2a /opt/devkitpro/devkitARM/lib/gcc/arm-none-eabi/9.1.0/../../../../arm-none-eabi/lib/libg.a(lib_a-wcsrtombs.o)
 .ARM.attributes
                0x00000000000005be       0x2a /opt/devkitpro/devkitARM/lib/gcc/arm-none-eabi/9.1.0/../../../../arm-none-eabi/lib/libg.a(lib_a-wsetup.o)
 .ARM.attributes
                0x00000000000005e8       0x2a /opt/devkitpro/devkitARM/lib/gcc/arm-none-eabi/9.1.0/../../../../arm-none-eabi/lib/libg.a(lib_a-ctype_.o)
 .ARM.attributes
                0x0000000000000612       0x2a /opt/devkitpro/devkitARM/lib/gcc/arm-none-eabi/9.1.0/../../../../arm-none-eabi/lib/libg.a(lib_a-fflush.o)
 .ARM.attributes
                0x000000000000063c       0x2a /opt/devkitpro/devkitARM/lib/gcc/arm-none-eabi/9.1.0/../../../../arm-none-eabi/lib/libg.a(lib_a-findfp.o)
 .ARM.attributes
                0x0000000000000666       0x2a /opt/devkitpro/devkitARM/lib/gcc/arm-none-eabi/9.1.0/../../../../arm-none-eabi/lib/libg.a(lib_a-freer.o)
 .ARM.attributes
                0x0000000000000690       0x2a /opt/devkitpro/devkitARM/lib/gcc/arm-none-eabi/9.1.0/../../../../arm-none-eabi/lib/libg.a(lib_a-fvwrite.o)
 .ARM.attributes
                0x00000000000006ba       0x2a /opt/devkitpro/devkitARM/lib/gcc/arm-none-eabi/9.1.0/../../../../arm-none-eabi/lib/libg.a(lib_a-fwalk.o)
 .ARM.attributes
                0x00000000000006e4       0x30 /opt/devkitpro/devkitARM/lib/gcc/arm-none-eabi/9.1.0/../../../../arm-none-eabi/lib/libg.a(lib_a-impure.o)
 .ARM.attributes
                0x0000000000000714       0x2a /opt/devkitpro/devkitARM/lib/gcc/arm-none-eabi/9.1.0/../../../../arm-none-eabi/lib/libg.a(lib_a-iswspace.o)
 .ARM.attributes
                0x000000000000073e       0x2a /opt/devkitpro/devkitARM/lib/gcc/arm-none-eabi/9.1.0/../../../../arm-none-eabi/lib/libg.a(lib_a-localeconv.o)
 .ARM.attributes
                0x0000000000000768       0x2a /opt/devkitpro/devkitARM/lib/gcc/arm-none-eabi/9.1.0/../../../../arm-none-eabi/lib/libg.a(lib_a-locale.o)
 .ARM.attributes
                0x0000000000000792       0x2a /opt/devkitpro/devkitARM/lib/gcc/arm-none-eabi/9.1.0/../../../../arm-none-eabi/lib/libg.a(lib_a-makebuf.o)
 .ARM.attributes
                0x00000000000007bc       0x2a /opt/devkitpro/devkitARM/lib/gcc/arm-none-eabi/9.1.0/../../../../arm-none-eabi/lib/libg.a(lib_a-malloc.o)
 .ARM.attributes
                0x00000000000007e6       0x2a /opt/devkitpro/devkitARM/lib/gcc/arm-none-eabi/9.1.0/../../../../arm-none-eabi/lib/libg.a(lib_a-mallocr.o)
 .ARM.attributes
                0x0000000000000810       0x2a /opt/devkitpro/devkitARM/lib/gcc/arm-none-eabi/9.1.0/../../../../arm-none-eabi/lib/libg.a(lib_a-mbrtowc.o)
 .ARM.attributes
                0x000000000000083a       0x2a /opt/devkitpro/devkitARM/lib/gcc/arm-none-eabi/9.1.0/../../../../arm-none-eabi/lib/libg.a(lib_a-mbtowc_r.o)
 .ARM.attributes
                0x0000000000000864       0x2a /opt/devkitpro/devkitARM/lib/gcc/arm-none-eabi/9.1.0/../../../../arm-none-eabi/lib/libg.a(lib_a-memchr-stub.o)
 .ARM.attributes
                0x000000000000088e       0x2a /opt/devkitpro/devkitARM/lib/gcc/arm-none-eabi/9.1.0/../../../../arm-none-eabi/lib/libg.a(lib_a-memmove.o)
 .ARM.attributes
                0x00000000000008b8       0x2a /opt/devkitpro/devkitARM/lib/gcc/arm-none-eabi/9.1.0/../../../../arm-none-eabi/lib/libg.a(lib_a-mlock.o)
 .ARM.attributes
                0x00000000000008e2       0x2a /opt/devkitpro/devkitARM/lib/gcc/arm-none-eabi/9.1.0/../../../../arm-none-eabi/lib/libg.a(lib_a-realloc.o)
 .ARM.attributes
                0x000000000000090c       0x2a /opt/devkitpro/devkitARM/lib/gcc/arm-none-eabi/9.1.0/../../../../arm-none-eabi/lib/libg.a(lib_a-reallocr.o)
 .ARM.attributes
                0x0000000000000936       0x2a /opt/devkitpro/devkitARM/lib/gcc/arm-none-eabi/9.1.0/../../../../arm-none-eabi/lib/libg.a(lib_a-sccl.o)
 .ARM.attributes
                0x0000000000000960       0x1a /opt/devkitpro/devkitARM/lib/gcc/arm-none-eabi/9.1.0/../../../../arm-none-eabi/lib/libg.a(lib_a-strcmp.o)
 .ARM.attributes
                0x000000000000097a       0x2a /opt/devkitpro/devkitARM/lib/gcc/arm-none-eabi/9.1.0/../../../../arm-none-eabi/lib/libg.a(lib_a-strncpy.o)
 .ARM.attributes
                0x00000000000009a4       0x2a /opt/devkitpro/devkitARM/lib/gcc/arm-none-eabi/9.1.0/../../../../arm-none-eabi/lib/libg.a(lib_a-strtoll.o)
 .ARM.attributes
                0x00000000000009ce       0x2a /opt/devkitpro/devkitARM/lib/gcc/arm-none-eabi/9.1.0/../../../../arm-none-eabi/lib/libg.a(lib_a-strtol.o)
 .ARM.attributes
                0x00000000000009f8       0x2a /opt/devkitpro/devkitARM/lib/gcc/arm-none-eabi/9.1.0/../../../../arm-none-eabi/lib/libg.a(lib_a-strtoull.o)
 .ARM.attributes
                0x0000000000000a22       0x2a /opt/devkitpro/devkitARM/lib/gcc/arm-none-eabi/9.1.0/../../../../arm-none-eabi/lib/libg.a(lib_a-strtoul.o)
 .ARM.attributes
                0x0000000000000a4c       0x2a /opt/devkitpro/devkitARM/lib/gcc/arm-none-eabi/9.1.0/../../../../arm-none-eabi/lib/libg.a(lib_a-svfiprintf.o)
 .ARM.attributes
                0x0000000000000a76       0x2a /opt/devkitpro/devkitARM/lib/gcc/arm-none-eabi/9.1.0/../../../../arm-none-eabi/lib/libg.a(lib_a-wcsnrtombs.o)
 .ARM.attributes
                0x0000000000000aa0       0x2a /opt/devkitpro/devkitARM/lib/gcc/arm-none-eabi/9.1.0/../../../../arm-none-eabi/lib/libg.a(lib_a-wctomb_r.o)
 .ARM.attributes
                0x0000000000000aca       0x2a /opt/devkitpro/devkitARM/lib/gcc/arm-none-eabi/9.1.0/../../../../arm-none-eabi/lib/libg.a(lib_a-fclose.o)
 .ARM.attributes
                0x0000000000000af4       0x2a /opt/devkitpro/devkitARM/lib/gcc/arm-none-eabi/9.1.0/../../../../arm-none-eabi/lib/libg.a(lib_a-iswspace_l.o)
 .ARM.attributes
                0x0000000000000b1e       0x2a /opt/devkitpro/devkitARM/lib/gcc/arm-none-eabi/9.1.0/../../../../arm-none-eabi/lib/libg.a(lib_a-jp2uc.o)
 .ARM.attributes
                0x0000000000000b48       0x2a /opt/devkitpro/devkitARM/lib/gcc/arm-none-eabi/9.1.0/../../../../arm-none-eabi/lib/libg.a(lib_a-categories.o)
 .ARM.attributes
                0x0000000000000b72       0x2a /opt/devkitpro/devkitARM/lib/gcc/arm-none-eabi/9.1.0/../../../../arm-none-eabi/lib/libsysbase.a(iosupport.o)
 .ARM.attributes
                0x0000000000000b9c       0x2a /opt/devkitpro/devkitARM/lib/gcc/arm-none-eabi/9.1.0/../../../../arm-none-eabi/lib/libsysbase.a(fstat.o)
 .ARM.attributes
                0x0000000000000bc6       0x2a /opt/devkitpro/devkitARM/lib/gcc/arm-none-eabi/9.1.0/../../../../arm-none-eabi/lib/libsysbase.a(isatty.o)
 .ARM.attributes
                0x0000000000000bf0       0x2a /opt/devkitpro/devkitARM/lib/gcc/arm-none-eabi/9.1.0/../../../../arm-none-eabi/lib/libsysbase.a(lseek.o)
 .ARM.attributes
                0x0000000000000c1a       0x2a /opt/devkitpro/devkitARM/lib/gcc/arm-none-eabi/9.1.0/../../../../arm-none-eabi/lib/libsysbase.a(read.o)
 .ARM.attributes
                0x0000000000000c44       0x2a /opt/devkitpro/devkitARM/lib/gcc/arm-none-eabi/9.1.0/../../../../arm-none-eabi/lib/libsysbase.a(sbrk.o)
 .ARM.attributes
                0x0000000000000c6e       0x2a /opt/devkitpro/devkitARM/lib/gcc/arm-none-eabi/9.1.0/../../../../arm-none-eabi/lib/libsysbase.a(write.o)
 .ARM.attributes
                0x0000000000000c98       0x30 /opt/devkitpro/devkitARM/lib/gcc/arm-none-eabi/9.1.0/../../../../arm-none-eabi/lib/libsysbase.a(malloc_vars.o)
 .ARM.attributes
                0x0000000000000cc8       0x2a /opt/devkitpro/devkitARM/lib/gcc/arm-none-eabi/9.1.0/../../../../arm-none-eabi/lib/libsysbase.a(build_argv.o)
 .ARM.attributes
                0x0000000000000cf2       0x2a /opt/devkitpro/devkitARM/lib/gcc/arm-none-eabi/9.1.0/../../../../arm-none-eabi/lib/libsysbase.a(flock.o)
 .ARM.attributes
                0x0000000000000d1c       0x2a /opt/devkitpro/devkitARM/lib/gcc/arm-none-eabi/9.1.0/../../../../arm-none-eabi/lib/libsysbase.a(syscall_support.o)
 .ARM.attributes
                0x0000000000000d46       0x2a /opt/devkitpro/devkitARM/lib/gcc/arm-none-eabi/9.1.0/../../../../arm-none-eabi/lib/libsysbase.a(handle_manager.o)
 .ARM.attributes
                0x0000000000000d70       0x2a /opt/devkitpro/devkitARM/lib/gcc/arm-none-eabi/9.1.0/../../../../arm-none-eabi/lib/libsysbase.a(getreent.o)
 .ARM.attributes
                0x0000000000000d9a       0x1c /opt/devkitpro/devkitARM/lib/gcc/arm-none-eabi/9.1.0/libgcc.a(_udivsi3.o)
 .ARM.attributes
                0x0000000000000db6       0x1c /opt/devkitpro/devkitARM/lib/gcc/arm-none-eabi/9.1.0/libgcc.a(_aeabi_uldivmod.o)
 .ARM.attributes
                0x0000000000000dd2       0x2a /opt/devkitpro/devkitARM/lib/gcc/arm-none-eabi/9.1.0/libgcc.a(_udivmoddi4.o)
 .ARM.attributes
                0x0000000000000dfc       0x1c /opt/devkitpro/devkitARM/lib/gcc/arm-none-eabi/9.1.0/libgcc.a(_clzdi2.o)
 .ARM.attributes
                0x0000000000000e18       0x1c /opt/devkitpro/devkitARM/lib/gcc/arm-none-eabi/9.1.0/libgcc.a(_clzsi2.o)
 .ARM.attributes
                0x0000000000000e34       0x30 /opt/devkitpro/devkitARM/lib/gcc/arm-none-eabi/9.1.0/crtend.o
 .ARM.attributes
                0x0000000000000e64       0x1c /opt/devkitpro/devkitARM/lib/gcc/arm-none-eabi/9.1.0/crtn.o

.debug
 *(.debug)

.line
 *(.line)

.debug_srcinfo
 *(.debug_srcinfo)

.debug_sfnames
 *(.debug_sfnames)

.debug_aranges  0x0000000000000000      0x558
 *(.debug_aranges)
 .debug_aranges
                0x0000000000000000       0x20 main.o
 .debug_aranges
                0x0000000000000020       0x88 /opt/devkitpro/libnds/lib/libnds9.a(console.o)
 .debug_aranges
                0x00000000000000a8       0x50 /opt/devkitpro/libnds/lib/libnds9.a(keys.o)
 .debug_aranges
                0x00000000000000f8       0x20 /opt/devkitpro/libnds/lib/libnds9.a(initSystem.o)
 .debug_aranges
                0x0000000000000118       0x20 /opt/devkitpro/libnds/lib/libnds9.a(timeSupport.o)
 .debug_aranges
                0x0000000000000138       0x18 /opt/devkitpro/libnds/lib/libnds9.a(securearea.o)
 .debug_aranges
                0x0000000000000150       0x50 /opt/devkitpro/libnds/lib/libnds9.a(interrupts.o)
 .debug_aranges
                0x00000000000001a0       0x28 /opt/devkitpro/libnds/lib/libnds9.a(libnds_exit.arm.o)
 .debug_aranges
                0x00000000000001c8       0xb8 /opt/devkitpro/libnds/lib/libnds9.a(fifosystem.o)
 .debug_aranges
                0x0000000000000280       0x30 /opt/devkitpro/libnds/lib/libnds9.a(mpu_setup.o)
 .debug_aranges
                0x00000000000002b0       0x28 /opt/devkitpro/libnds/lib/libnds9.a(IntrWait.o)
 .debug_aranges
                0x00000000000002d8       0x20 /opt/devkitpro/libnds/lib/libnds9.a(cpu_clock.o)
 .debug_aranges
                0x00000000000002f8       0x20 /opt/devkitpro/libnds/lib/libnds9.a(interruptDispatcher.o)
 .debug_aranges
                0x0000000000000318       0x20 /opt/devkitpro/libnds/lib/libnds9.a(swiSoftReset.o)
 .debug_aranges
                0x0000000000000338       0x48 /opt/devkitpro/libnds/lib/libnds9.a(background.o)
 .debug_aranges
                0x0000000000000380       0x48 /opt/devkitpro/libnds/lib/libnds9.a(video.o)
 .debug_aranges
                0x00000000000003c8       0x68 /opt/devkitpro/libnds/lib/libnds9.a(system.o)
 .debug_aranges
                0x0000000000000430       0x60 /opt/devkitpro/libnds/lib/libnds9.a(trig.o)
 .debug_aranges
                0x0000000000000490       0xc8 /opt/devkitpro/libnds/lib/libnds9.a(biosCalls.o)

.debug_pubnames
 *(.debug_pubnames)

.debug_info     0x0000000000000000     0xef33
 *(.debug_info)
 .debug_info    0x0000000000000000     0x1670 main.o
 .debug_info    0x0000000000001670     0x2a1a /opt/devkitpro/libnds/lib/libnds9.a(console.o)
 .debug_info    0x000000000000408a      0xe17 /opt/devkitpro/libnds/lib/libnds9.a(keys.o)
 .debug_info    0x0000000000004ea1     0x1f13 /opt/devkitpro/libnds/lib/libnds9.a(initSystem.o)
 .debug_info    0x0000000000006db4      0xab7 /opt/devkitpro/libnds/lib/libnds9.a(timeSupport.o)
 .debug_info    0x000000000000786b       0x59 /opt/devkitpro/libnds/lib/libnds9.a(securearea.o)
 .debug_info    0x00000000000078c4      0x735 /opt/devkitpro/libnds/lib/libnds9.a(interrupts.o)
 .debug_info    0x0000000000007ff9      0xd29 /opt/devkitpro/libnds/lib/libnds9.a(libnds_exit.arm.o)
 .debug_info    0x0000000000008d22     0x2197 /opt/devkitpro/libnds/lib/libnds9.a(fifosystem.o)
 .debug_info    0x000000000000aeb9       0x22 /opt/devkitpro/libnds/lib/libnds9.a(mpu_setup.o)
 .debug_info    0x000000000000aedb       0x22 /opt/devkitpro/libnds/lib/libnds9.a(IntrWait.o)
 .debug_info    0x000000000000aefd       0x26 /opt/devkitpro/libnds/lib/libnds9.a(cpu_clock.o)
 .debug_info    0x000000000000af23       0x26 /opt/devkitpro/libnds/lib/libnds9.a(interruptDispatcher.o)
 .debug_info    0x000000000000af49       0x26 /opt/devkitpro/libnds/lib/libnds9.a(swiSoftReset.o)
 .debug_info    0x000000000000af6f     0x1424 /opt/devkitpro/libnds/lib/libnds9.a(background.o)
 .debug_info    0x000000000000c393      0x7dd /opt/devkitpro/libnds/lib/libnds9.a(video.o)
 .debug_info    0x000000000000cb70     0x1482 /opt/devkitpro/libnds/lib/libnds9.a(system.o)
 .debug_info    0x000000000000dff2      0xf1f /opt/devkitpro/libnds/lib/libnds9.a(trig.o)
 .debug_info    0x000000000000ef11       0x22 /opt/devkitpro/libnds/lib/libnds9.a(biosCalls.o)

.debug_abbrev   0x0000000000000000     0x2ae6
 *(.debug_abbrev)
 .debug_abbrev  0x0000000000000000      0x2ff main.o
 .debug_abbrev  0x00000000000002ff      0x5a0 /opt/devkitpro/libnds/lib/libnds9.a(console.o)
 .debug_abbrev  0x000000000000089f      0x2c8 /opt/devkitpro/libnds/lib/libnds9.a(keys.o)
 .debug_abbrev  0x0000000000000b67      0x3af /opt/devkitpro/libnds/lib/libnds9.a(initSystem.o)
 .debug_abbrev  0x0000000000000f16      0x20b /opt/devkitpro/libnds/lib/libnds9.a(timeSupport.o)
 .debug_abbrev  0x0000000000001121       0x47 /opt/devkitpro/libnds/lib/libnds9.a(securearea.o)
 .debug_abbrev  0x0000000000001168      0x2f7 /opt/devkitpro/libnds/lib/libnds9.a(interrupts.o)
 .debug_abbrev  0x000000000000145f      0x2d0 /opt/devkitpro/libnds/lib/libnds9.a(libnds_exit.arm.o)
 .debug_abbrev  0x000000000000172f      0x59b /opt/devkitpro/libnds/lib/libnds9.a(fifosystem.o)
 .debug_abbrev  0x0000000000001cca       0x12 /opt/devkitpro/libnds/lib/libnds9.a(mpu_setup.o)
 .debug_abbrev  0x0000000000001cdc       0x12 /opt/devkitpro/libnds/lib/libnds9.a(IntrWait.o)
 .debug_abbrev  0x0000000000001cee       0x14 /opt/devkitpro/libnds/lib/libnds9.a(cpu_clock.o)
 .debug_abbrev  0x0000000000001d02       0x14 /opt/devkitpro/libnds/lib/libnds9.a(interruptDispatcher.o)
 .debug_abbrev  0x0000000000001d16       0x14 /opt/devkitpro/libnds/lib/libnds9.a(swiSoftReset.o)
 .debug_abbrev  0x0000000000001d2a      0x416 /opt/devkitpro/libnds/lib/libnds9.a(background.o)
 .debug_abbrev  0x0000000000002140      0x254 /opt/devkitpro/libnds/lib/libnds9.a(video.o)
 .debug_abbrev  0x0000000000002394      0x3cd /opt/devkitpro/libnds/lib/libnds9.a(system.o)
 .debug_abbrev  0x0000000000002761      0x373 /opt/devkitpro/libnds/lib/libnds9.a(trig.o)
 .debug_abbrev  0x0000000000002ad4       0x12 /opt/devkitpro/libnds/lib/libnds9.a(biosCalls.o)

.debug_line     0x0000000000000000     0x5ab9
 *(.debug_line)
 .debug_line    0x0000000000000000      0x2d3 main.o
 .debug_line    0x00000000000002d3     0x11fc /opt/devkitpro/libnds/lib/libnds9.a(console.o)
 .debug_line    0x00000000000014cf      0x43c /opt/devkitpro/libnds/lib/libnds9.a(keys.o)
 .debug_line    0x000000000000190b      0x57f /opt/devkitpro/libnds/lib/libnds9.a(initSystem.o)
 .debug_line    0x0000000000001e8a      0x21b /opt/devkitpro/libnds/lib/libnds9.a(timeSupport.o)
 .debug_line    0x00000000000020a5       0x82 /opt/devkitpro/libnds/lib/libnds9.a(securearea.o)
 .debug_line    0x0000000000002127      0x53b /opt/devkitpro/libnds/lib/libnds9.a(interrupts.o)
 .debug_line    0x0000000000002662      0x2d0 /opt/devkitpro/libnds/lib/libnds9.a(libnds_exit.arm.o)
 .debug_line    0x0000000000002932     0x140d /opt/devkitpro/libnds/lib/libnds9.a(fifosystem.o)
 .debug_line    0x0000000000003d3f      0x12f /opt/devkitpro/libnds/lib/libnds9.a(mpu_setup.o)
 .debug_line    0x0000000000003e6e       0xba /opt/devkitpro/libnds/lib/libnds9.a(IntrWait.o)
 .debug_line    0x0000000000003f28       0xa3 /opt/devkitpro/libnds/lib/libnds9.a(cpu_clock.o)
 .debug_line    0x0000000000003fcb       0xcc /opt/devkitpro/libnds/lib/libnds9.a(interruptDispatcher.o)
 .debug_line    0x0000000000004097       0x9c /opt/devkitpro/libnds/lib/libnds9.a(swiSoftReset.o)
 .debug_line    0x0000000000004133      0x6e4 /opt/devkitpro/libnds/lib/libnds9.a(background.o)
 .debug_line    0x0000000000004817      0x4aa /opt/devkitpro/libnds/lib/libnds9.a(video.o)
 .debug_line    0x0000000000004cc1      0x55a /opt/devkitpro/libnds/lib/libnds9.a(system.o)
 .debug_line    0x000000000000521b      0x6ac /opt/devkitpro/libnds/lib/libnds9.a(trig.o)
 .debug_line    0x00000000000058c7      0x1f2 /opt/devkitpro/libnds/lib/libnds9.a(biosCalls.o)

.debug_frame    0x0000000000000000      0x978
 *(.debug_frame)
 .debug_frame   0x0000000000000000       0x28 main.o
 .debug_frame   0x0000000000000028      0x1a0 /opt/devkitpro/libnds/lib/libnds9.a(console.o)
 .debug_frame   0x00000000000001c8       0x8c /opt/devkitpro/libnds/lib/libnds9.a(keys.o)
 .debug_frame   0x0000000000000254       0x28 /opt/devkitpro/libnds/lib/libnds9.a(initSystem.o)
 .debug_frame   0x000000000000027c       0x28 /opt/devkitpro/libnds/lib/libnds9.a(timeSupport.o)
 .debug_frame   0x00000000000002a4       0xa4 /opt/devkitpro/libnds/lib/libnds9.a(interrupts.o)
 .debug_frame   0x0000000000000348       0x3c /opt/devkitpro/libnds/lib/libnds9.a(libnds_exit.arm.o)
 .debug_frame   0x0000000000000384      0x2a8 /opt/devkitpro/libnds/lib/libnds9.a(fifosystem.o)
 .debug_frame   0x000000000000062c       0xcc /opt/devkitpro/libnds/lib/libnds9.a(background.o)
 .debug_frame   0x00000000000006f8       0xb8 /opt/devkitpro/libnds/lib/libnds9.a(video.o)
 .debug_frame   0x00000000000007b0       0xf8 /opt/devkitpro/libnds/lib/libnds9.a(system.o)
 .debug_frame   0x00000000000008a8       0xd0 /opt/devkitpro/libnds/lib/libnds9.a(trig.o)

.debug_str      0x0000000000000000     0x3a0f
 *(.debug_str)
 .debug_str     0x0000000000000000      0xcd9 main.o
                                        0xdca (size before relaxing)
 .debug_str     0x0000000000000cd9      0xd9e /opt/devkitpro/libnds/lib/libnds9.a(console.o)
                                       0x1481 (size before relaxing)
 .debug_str     0x0000000000001a77      0x15e /opt/devkitpro/libnds/lib/libnds9.a(keys.o)
                                        0x8aa (size before relaxing)
 .debug_str     0x0000000000001bd5      0x2e8 /opt/devkitpro/libnds/lib/libnds9.a(initSystem.o)
                                       0x12a3 (size before relaxing)
 .debug_str     0x0000000000001ebd       0x71 /opt/devkitpro/libnds/lib/libnds9.a(timeSupport.o)
                                        0x6a9 (size before relaxing)
 .debug_str     0x0000000000001f2e       0x72 /opt/devkitpro/libnds/lib/libnds9.a(securearea.o)
                                        0x153 (size before relaxing)
 .debug_str     0x0000000000001fa0      0x179 /opt/devkitpro/libnds/lib/libnds9.a(interrupts.o)
                                        0x4dd (size before relaxing)
 .debug_str     0x0000000000002119      0x1cd /opt/devkitpro/libnds/lib/libnds9.a(libnds_exit.arm.o)
                                        0x873 (size before relaxing)
 .debug_str     0x00000000000022e6      0x497 /opt/devkitpro/libnds/lib/libnds9.a(fifosystem.o)
                                        0xd27 (size before relaxing)
 .debug_str     0x000000000000277d       0x6d /opt/devkitpro/libnds/lib/libnds9.a(mpu_setup.o)
                                         0xb4 (size before relaxing)
 .debug_str     0x00000000000027ea       0x60 /opt/devkitpro/libnds/lib/libnds9.a(IntrWait.o)
                                         0xb3 (size before relaxing)
 .debug_str     0x000000000000284a       0x61 /opt/devkitpro/libnds/lib/libnds9.a(cpu_clock.o)
                                         0xb4 (size before relaxing)
 .debug_str     0x00000000000028ab       0x66 /opt/devkitpro/libnds/lib/libnds9.a(interruptDispatcher.o)
                                         0xb9 (size before relaxing)
 .debug_str     0x0000000000002911       0x5f /opt/devkitpro/libnds/lib/libnds9.a(swiSoftReset.o)
                                         0xb2 (size before relaxing)
 .debug_str     0x0000000000002970      0x2c5 /opt/devkitpro/libnds/lib/libnds9.a(background.o)
                                        0xbba (size before relaxing)
 .debug_str     0x0000000000002c35      0x905 /opt/devkitpro/libnds/lib/libnds9.a(video.o)
                                        0xc55 (size before relaxing)
 .debug_str     0x000000000000353a      0x384 /opt/devkitpro/libnds/lib/libnds9.a(system.o)
                                        0xc41 (size before relaxing)
 .debug_str     0x00000000000038be       0xf5 /opt/devkitpro/libnds/lib/libnds9.a(trig.o)
                                        0x707 (size before relaxing)
 .debug_str     0x00000000000039b3       0x5c /opt/devkitpro/libnds/lib/libnds9.a(biosCalls.o)
                                         0xaf (size before relaxing)

.debug_loc      0x0000000000000000     0x4200
 *(.debug_loc)
 .debug_loc     0x0000000000000000       0x15 main.o
 .debug_loc     0x0000000000000015     0x1426 /opt/devkitpro/libnds/lib/libnds9.a(console.o)
 .debug_loc     0x000000000000143b       0x15 /opt/devkitpro/libnds/lib/libnds9.a(keys.o)
 .debug_loc     0x0000000000001450       0xf0 /opt/devkitpro/libnds/lib/libnds9.a(initSystem.o)
 .debug_loc     0x0000000000001540       0x25 /opt/devkitpro/libnds/lib/libnds9.a(timeSupport.o)
 .debug_loc     0x0000000000001565      0x26c /opt/devkitpro/libnds/lib/libnds9.a(interrupts.o)
 .debug_loc     0x00000000000017d1       0x64 /opt/devkitpro/libnds/lib/libnds9.a(libnds_exit.arm.o)
 .debug_loc     0x0000000000001835     0x1710 /opt/devkitpro/libnds/lib/libnds9.a(fifosystem.o)
 .debug_loc     0x0000000000002f45      0x475 /opt/devkitpro/libnds/lib/libnds9.a(background.o)
 .debug_loc     0x00000000000033ba      0x2e5 /opt/devkitpro/libnds/lib/libnds9.a(video.o)
 .debug_loc     0x000000000000369f      0x23f /opt/devkitpro/libnds/lib/libnds9.a(system.o)
 .debug_loc     0x00000000000038de      0x922 /opt/devkitpro/libnds/lib/libnds9.a(trig.o)

.debug_macinfo
 *(.debug_macinfo)

.debug_weaknames
 *(.debug_weaknames)

.debug_funcnames
 *(.debug_funcnames)

.debug_typenames
 *(.debug_typenames)

.debug_varnames
 *(.debug_varnames)

.stack          0x0000000000080000        0x0
                0x0000000000080000                _stack = .
 *(.stack)
LOAD /opt/devkitpro/devkitARM/lib/gcc/arm-none-eabi/9.1.0/../../../../arm-none-eabi/lib/ds_arm9_crt0.o
LOAD /opt/devkitpro/devkitARM/lib/gcc/arm-none-eabi/9.1.0/crti.o
LOAD /opt/devkitpro/devkitARM/lib/gcc/arm-none-eabi/9.1.0/crtbegin.o
LOAD main.o
LOAD /opt/devkitpro/libnds/lib/libnds9.a
START GROUP